Component: ARM Compiler 5.06 update 1 (build 61) Tool: armlink [4d35a8]

==============================================================================

Section Cross References

    main.o(i.Task1_ReadRTC_WriteLCD_1Sec) refers to _printf_pad.o(.text) for _printf_pre_padding
    main.o(i.Task1_ReadRTC_WriteLCD_1Sec) refers to _printf_percent.o(.ARM.Collect$$_printf_percent$$00000000) for _printf_percent
    main.o(i.Task1_ReadRTC_WriteLCD_1Sec) refers to _printf_x.o(.ARM.Collect$$_printf_percent$$0000000C) for _printf_x
    main.o(i.Task1_ReadRTC_WriteLCD_1Sec) refers to _printf_hex_int.o(.text) for _printf_longlong_hex
    main.o(i.Task1_ReadRTC_WriteLCD_1Sec) refers to noretval__2sprintf.o(.text) for __2sprintf
    main.o(i.Task1_ReadRTC_WriteLCD_1Sec) refers to lcd.o(i.KM_LCD_Write_Upper_Str) for KM_LCD_Write_Upper_Str
    main.o(i.Task1_ReadRTC_WriteLCD_1Sec) refers to lcd.o(i.KM_LCD_Write_Lower_Str) for KM_LCD_Write_Lower_Str
    main.o(i.Task1_ReadRTC_WriteLCD_1Sec) refers to main.o(.data) for str
    main.o(i.Task1_ReadRTC_WriteLCD_1Sec) refers to main.o(.bss) for lcd_ds
    main.o(i.Task2_ReadLM35_WriteLCD_10Sec) refers to adc_lm35.o(i.Temperature) for Temperature
    main.o(i.Task2_ReadLM35_WriteLCD_10Sec) refers to lcd.o(i.KM_LCD_Write_Cmd) for KM_LCD_Write_Cmd
    main.o(i.Task2_ReadLM35_WriteLCD_10Sec) refers to lcd.o(i.KM_LCD_Write_Str) for KM_LCD_Write_Str
    main.o(i.Task2_ReadLM35_WriteLCD_10Sec) refers to adc_lm35.o(.data) for LM_35
    main.o(i.Task2_ReadLM35_WriteLCD_10Sec) refers to main.o(.data) for a
    main.o(i.Task2_ReadLM35_WriteLCD_10Sec) refers to main.o(.bss) for t
    main.o(i.Task4_write_eeprom) refers to i2c.o(i.KM_I2C_Mem_Write) for KM_I2C_Mem_Write
    main.o(i.Task4_write_eeprom) refers to i2c.o(i.KM_I2C_Mem_Read) for KM_I2C_Mem_Read
    main.o(i.Task4_write_eeprom) refers to main.o(.data) for str
    main.o(i.Task4_write_eeprom) refers to main.o(.bss) for eprom_buff
    main.o(i.Task5_SWMS_Config) refers to time change.o(i.timechange) for timechange
    main.o(i.Task_3_and_4_Wi_Fi_Tx) refers to _printf_percent.o(.ARM.Collect$$_printf_percent$$00000000) for _printf_percent
    main.o(i.Task_3_and_4_Wi_Fi_Tx) refers to _printf_d.o(.ARM.Collect$$_printf_percent$$00000009) for _printf_d
    main.o(i.Task_3_and_4_Wi_Fi_Tx) refers to _printf_dec.o(.text) for _printf_int_dec
    main.o(i.Task_3_and_4_Wi_Fi_Tx) refers to uart6.o(i.outstring) for outstring
    main.o(i.Task_3_and_4_Wi_Fi_Tx) refers to main.o(i.wifi_response) for wifi_response
    main.o(i.Task_3_and_4_Wi_Fi_Tx) refers to lcd.o(i.KM_LCD_Write_Cmd) for KM_LCD_Write_Cmd
    main.o(i.Task_3_and_4_Wi_Fi_Tx) refers to lcd.o(i.KM_LCD_Write_Str) for KM_LCD_Write_Str
    main.o(i.Task_3_and_4_Wi_Fi_Tx) refers to main.o(i.Task4_write_eeprom) for Task4_write_eeprom
    main.o(i.Task_3_and_4_Wi_Fi_Tx) refers to noretval__2sprintf.o(.text) for __2sprintf
    main.o(i.Task_3_and_4_Wi_Fi_Tx) refers to main.o(.data) for res
    main.o(i.Task_3_and_4_Wi_Fi_Tx) refers to adc_lm35.o(.data) for LM_35
    main.o(i.Task_3_and_4_Wi_Fi_Tx) refers to main.o(.bss) for fetch3
    main.o(i.main) refers to systick.o(i.STK_Init) for STK_Init
    main.o(i.main) refers to lcd.o(i.KM_LCD_Init) for KM_LCD_Init
    main.o(i.main) refers to i2c.o(i.KM_I2C1_Init) for KM_I2C1_Init
    main.o(i.main) refers to i2c.o(i.KM_I2C1_Config) for KM_I2C1_Config
    main.o(i.main) refers to uart6.o(i.GPIOA_INIT) for GPIOA_INIT
    main.o(i.main) refers to uart6.o(i.UART6_CONIF) for UART6_CONIF
    main.o(i.main) refers to adc_lm35.o(i.GPOIC_Init) for GPOIC_Init
    main.o(i.main) refers to main.o(i.GPIOB_init) for GPIOB_init
    main.o(i.main) refers to adc_lm35.o(i.ADC_Init) for ADC_Init
    main.o(i.main) refers to adc_lm35.o(i.GPIOC_Config) for GPIOC_Config
    main.o(i.main) refers to adc_lm35.o(i.ADC_Config) for ADC_Config
    main.o(i.main) refers to time change.o(i.GPIOC_PUPDR_cofig) for GPIOC_PUPDR_cofig
    main.o(i.main) refers to main.o(i.red_cofig) for red_cofig
    main.o(i.main) refers to lcd.o(i.KM_LCD_Write_Cmd) for KM_LCD_Write_Cmd
    main.o(i.main) refers to lcd.o(i.KM_LCD_Write_Str) for KM_LCD_Write_Str
    main.o(i.main) refers to systick.o(i.Delay_Sec) for Delay_Sec
    main.o(i.main) refers to i2c.o(i.KM_I2C_IsDeviceReady) for KM_I2C_IsDeviceReady
    main.o(i.main) refers to main.o(i.wifi_init1) for wifi_init1
    main.o(i.main) refers to i2c.o(i.KM_I2C_Mem_Read) for KM_I2C_Mem_Read
    main.o(i.main) refers to main.o(i.Task1_ReadRTC_WriteLCD_1Sec) for Task1_ReadRTC_WriteLCD_1Sec
    main.o(i.main) refers to main.o(i.Task2_ReadLM35_WriteLCD_10Sec) for Task2_ReadLM35_WriteLCD_10Sec
    main.o(i.main) refers to main.o(i.Task_3_and_4_Wi_Fi_Tx) for Task_3_and_4_Wi_Fi_Tx
    main.o(i.main) refers to main.o(i.Task5_SWMS_Config) for Task5_SWMS_Config
    main.o(i.main) refers to main.o(.data) for retu
    main.o(i.wifi_init1) refers to uart6.o(i.outstring) for outstring
    main.o(i.wifi_init1) refers to main.o(i.wifi_response) for wifi_response
    main.o(i.wifi_init1) refers to lcd.o(i.KM_LCD_Write_Cmd) for KM_LCD_Write_Cmd
    main.o(i.wifi_init1) refers to lcd.o(i.KM_LCD_Write_Str) for KM_LCD_Write_Str
    main.o(i.wifi_init1) refers to main.o(.data) for res
    main.o(i.wifi_response) refers to uart6.o(i.UART6_InChar) for UART6_InChar
    main.o(i.wifi_response) refers to main.o(.bss) for buff
    startup_stm32f401xc.o(STACK) refers (Special) to heapauxi.o(.text) for __use_two_region_memory
    startup_stm32f401xc.o(HEAP) refers (Special) to heapauxi.o(.text) for __use_two_region_memory
    startup_stm32f401xc.o(RESET) refers (Special) to heapauxi.o(.text) for __use_two_region_memory
    startup_stm32f401xc.o(RESET) refers to startup_stm32f401xc.o(STACK) for __initial_sp
    startup_stm32f401xc.o(RESET) refers to startup_stm32f401xc.o(.text) for Reset_Handler
    startup_stm32f401xc.o(.text) refers (Special) to heapauxi.o(.text) for __use_two_region_memory
    startup_stm32f401xc.o(.text) refers to system_stm32f4xx.o(i.SystemInit) for SystemInit
    startup_stm32f401xc.o(.text) refers to __main.o(!!!main) for __main
    startup_stm32f401xc.o(.text) refers to startup_stm32f401xc.o(HEAP) for Heap_Mem
    startup_stm32f401xc.o(.text) refers to startup_stm32f401xc.o(STACK) for Stack_Mem
    system_stm32f4xx.o(i.SystemCoreClockUpdate) refers to system_stm32f4xx.o(.data) for SystemCoreClock
    system_stm32f4xx.o(i.SystemCoreClockUpdate) refers to system_stm32f4xx.o(.constdata) for AHBPrescTable
    adc_lm35.o(i.Temperature) refers to adc_lm35.o(.data) for LM_35
    i2c.o(i.KM_I2C_IsDeviceReady) refers to systick.o(i.KM_Delay_ms) for KM_Delay_ms
    i2c.o(i.KM_I2C_Mem_Read) refers to systick.o(i.KM_Delay_ms) for KM_Delay_ms
    i2c.o(i.KM_I2C_Mem_Write) refers to systick.o(i.KM_Delay_ms) for KM_Delay_ms
    lcd.o(i.KM_LCD_Init) refers to systick.o(i.Delay_mSec) for Delay_mSec
    lcd.o(i.KM_LCD_Init) refers to lcd.o(i.KM_LCD_Write_Cmd) for KM_LCD_Write_Cmd
    lcd.o(i.KM_LCD_Write_Cmd) refers to lcd.o(i.write_high_nibble) for write_high_nibble
    lcd.o(i.KM_LCD_Write_Cmd) refers to lcd.o(i.write_low_nibble) for write_low_nibble
    lcd.o(i.KM_LCD_Write_Data) refers to lcd.o(i.write_high_nibble) for write_high_nibble
    lcd.o(i.KM_LCD_Write_Data) refers to lcd.o(i.write_low_nibble) for write_low_nibble
    lcd.o(i.KM_LCD_Write_Lower_Str) refers to lcd.o(i.KM_LCD_Write_Cmd) for KM_LCD_Write_Cmd
    lcd.o(i.KM_LCD_Write_Lower_Str) refers to lcd.o(i.KM_LCD_Write_Data) for KM_LCD_Write_Data
    lcd.o(i.KM_LCD_Write_Str) refers to lcd.o(i.KM_LCD_Write_Data) for KM_LCD_Write_Data
    lcd.o(i.KM_LCD_Write_Str) refers to lcd.o(i.KM_LCD_Write_Cmd) for KM_LCD_Write_Cmd
    lcd.o(i.KM_LCD_Write_Upper_Str) refers to lcd.o(i.KM_LCD_Write_Cmd) for KM_LCD_Write_Cmd
    lcd.o(i.KM_LCD_Write_Upper_Str) refers to lcd.o(i.KM_LCD_Write_Data) for KM_LCD_Write_Data
    lcd.o(i.write_high_nibble) refers to lcd.o(i.Delay_ms) for Delay_ms
    lcd.o(i.write_low_nibble) refers to lcd.o(i.Delay_ms) for Delay_ms
    time change.o(i.check) refers to time change.o(.data) for x
    time change.o(i.check1) refers to time change.o(.data) for x
    time change.o(i.print) refers to _printf_pad.o(.text) for _printf_pre_padding
    time change.o(i.print) refers to _printf_percent.o(.ARM.Collect$$_printf_percent$$00000000) for _printf_percent
    time change.o(i.print) refers to _printf_x.o(.ARM.Collect$$_printf_percent$$0000000C) for _printf_x
    time change.o(i.print) refers to _printf_hex_int.o(.text) for _printf_longlong_hex
    time change.o(i.print) refers to noretval__2sprintf.o(.text) for __2sprintf
    time change.o(i.print) refers to lcd.o(i.KM_LCD_Write_Upper_Str) for KM_LCD_Write_Upper_Str
    time change.o(i.print) refers to lcd.o(i.KM_LCD_Write_Lower_Str) for KM_LCD_Write_Lower_Str
    time change.o(i.print) refers to time change.o(.data) for TC
    time change.o(i.print) refers to time change.o(.bss) for lcd_ds1
    time change.o(i.timechange) refers to _printf_pad.o(.text) for _printf_pre_padding
    time change.o(i.timechange) refers to _printf_percent.o(.ARM.Collect$$_printf_percent$$00000000) for _printf_percent
    time change.o(i.timechange) refers to _printf_x.o(.ARM.Collect$$_printf_percent$$0000000C) for _printf_x
    time change.o(i.timechange) refers to _printf_hex_int.o(.text) for _printf_longlong_hex
    time change.o(i.timechange) refers to i2c.o(i.KM_I2C_IsDeviceReady) for KM_I2C_IsDeviceReady
    time change.o(i.timechange) refers to i2c.o(i.KM_I2C_Mem_Read) for KM_I2C_Mem_Read
    time change.o(i.timechange) refers to noretval__2sprintf.o(.text) for __2sprintf
    time change.o(i.timechange) refers to lcd.o(i.KM_LCD_Write_Upper_Str) for KM_LCD_Write_Upper_Str
    time change.o(i.timechange) refers to lcd.o(i.KM_LCD_Write_Lower_Str) for KM_LCD_Write_Lower_Str
    time change.o(i.timechange) refers to systick.o(i.KM_Delay_ms) for KM_Delay_ms
    time change.o(i.timechange) refers to time change.o(i.check) for check
    time change.o(i.timechange) refers to time change.o(i.print) for print
    time change.o(i.timechange) refers to time change.o(i.check1) for check1
    time change.o(i.timechange) refers to i2c.o(i.KM_I2C_Mem_Write) for KM_I2C_Mem_Write
    time change.o(i.timechange) refers to time change.o(.data) for retn
    time change.o(i.timechange) refers to time change.o(.bss) for lcd_ds1
    uart6.o(i.outstring) refers to uart6.o(i.UART6_OutChar) for UART6_OutChar
    __2sprintf.o(.text) refers to _printf_char_common.o(.text) for _printf_char_common
    __2sprintf.o(.text) refers to _sputc.o(.text) for _sputc
    noretval__2sprintf.o(.text) refers to _printf_char_common.o(.text) for _printf_char_common
    noretval__2sprintf.o(.text) refers to _sputc.o(.text) for _sputc
    __printf.o(.text) refers to _printf_percent.o(.ARM.Collect$$_printf_percent$$00000000) for _printf_percent
    _printf_dec.o(.text) refers to _printf_intcommon.o(.text) for _printf_int_common
    _printf_hex_ll.o(.text) refers to _printf_intcommon.o(.text) for _printf_int_common
    _printf_hex_ll.o(.text) refers to _printf_hex_ll.o(.constdata) for .constdata
    _printf_hex_int.o(.text) refers to _printf_intcommon.o(.text) for _printf_int_common
    _printf_hex_int.o(.text) refers to _printf_hex_int.o(.constdata) for .constdata
    _printf_hex_int_ll.o(.text) refers to _printf_intcommon.o(.text) for _printf_int_common
    _printf_hex_int_ll.o(.text) refers to _printf_hex_int_ll.o(.constdata) for .constdata
    _printf_hex_ptr.o(.text) refers to _printf_intcommon.o(.text) for _printf_int_common
    _printf_hex_ptr.o(.text) refers to _printf_hex_ptr.o(.constdata) for .constdata
    _printf_hex_int_ptr.o(.text) refers to _printf_intcommon.o(.text) for _printf_int_common
    _printf_hex_int_ptr.o(.text) refers to _printf_hex_int_ptr.o(.constdata) for .constdata
    _printf_hex_ll_ptr.o(.text) refers to _printf_intcommon.o(.text) for _printf_int_common
    _printf_hex_ll_ptr.o(.text) refers to _printf_hex_ll_ptr.o(.constdata) for .constdata
    _printf_hex_int_ll_ptr.o(.text) refers to _printf_intcommon.o(.text) for _printf_int_common
    _printf_hex_int_ll_ptr.o(.text) refers to _printf_hex_int_ll_ptr.o(.constdata) for .constdata
    __printf_flags.o(.text) refers to _printf_percent.o(.ARM.Collect$$_printf_percent$$00000000) for _printf_percent
    __printf_flags.o(.text) refers to __printf_flags.o(.constdata) for .constdata
    __printf_ss.o(.text) refers to _printf_percent.o(.ARM.Collect$$_printf_percent$$00000000) for _printf_percent
    __printf_flags_ss.o(.text) refers to _printf_percent.o(.ARM.Collect$$_printf_percent$$00000000) for _printf_percent
    __printf_flags_ss.o(.text) refers to __printf_flags_ss.o(.constdata) for .constdata
    __printf_wp.o(.text) refers to __printf_wp.o(i._is_digit) for _is_digit
    __printf_wp.o(.text) refers to _printf_percent.o(.ARM.Collect$$_printf_percent$$00000000) for _printf_percent
    __printf_flags_wp.o(.text) refers to __printf_wp.o(i._is_digit) for _is_digit
    __printf_flags_wp.o(.text) refers to _printf_percent.o(.ARM.Collect$$_printf_percent$$00000000) for _printf_percent
    __printf_flags_wp.o(.text) refers to __printf_flags_wp.o(.constdata) for .constdata
    __printf_ss_wp.o(.text) refers to __printf_wp.o(i._is_digit) for _is_digit
    __printf_ss_wp.o(.text) refers to _printf_percent.o(.ARM.Collect$$_printf_percent$$00000000) for _printf_percent
    __printf_flags_ss_wp.o(.text) refers to __printf_wp.o(i._is_digit) for _is_digit
    __printf_flags_ss_wp.o(.text) refers to _printf_percent.o(.ARM.Collect$$_printf_percent$$00000000) for _printf_percent
    __printf_flags_ss_wp.o(.text) refers to __printf_flags_ss_wp.o(.constdata) for .constdata
    _printf_x.o(.ARM.Collect$$_printf_percent$$0000000C) refers (Weak) to _printf_hex_int.o(.text) for _printf_int_hex
    _printf_d.o(.ARM.Collect$$_printf_percent$$00000009) refers (Weak) to _printf_dec.o(.text) for _printf_int_dec
    _printf_percent.o(.ARM.Collect$$_printf_percent$$00000000) refers (Special) to _printf_percent_end.o(.ARM.Collect$$_printf_percent$$00000017) for _printf_percent_end
    __main.o(!!!main) refers to __rtentry.o(.ARM.Collect$$rtentry$$00000000) for __rt_entry
    __rtentry.o(.ARM.Collect$$rtentry$$00000000) refers (Special) to __rtentry2.o(.ARM.Collect$$rtentry$$0000000A) for __rt_entry_li
    __rtentry.o(.ARM.Collect$$rtentry$$00000000) refers (Special) to __rtentry2.o(.ARM.Collect$$rtentry$$0000000D) for __rt_entry_main
    __rtentry.o(.ARM.Collect$$rtentry$$00000000) refers (Special) to __rtentry2.o(.ARM.Collect$$rtentry$$0000000C) for __rt_entry_postli_1
    __rtentry.o(.ARM.Collect$$rtentry$$00000000) refers (Special) to __rtentry2.o(.ARM.Collect$$rtentry$$00000009) for __rt_entry_postsh_1
    __rtentry.o(.ARM.Collect$$rtentry$$00000000) refers (Special) to __rtentry2.o(.ARM.Collect$$rtentry$$00000002) for __rt_entry_presh_1
    __rtentry.o(.ARM.Collect$$rtentry$$00000000) refers (Special) to __rtentry4.o(.ARM.Collect$$rtentry$$00000004) for __rt_entry_sh
    _printf_intcommon.o(.text) refers (Weak) to _printf_pad.o(.text) for _printf_pre_padding
    _printf_intcommon.o(.text) refers (Weak) to _printf_pad.o(.text) for _printf_pre_padding
    _printf_intcommon.o(.text) refers (Weak) to _printf_pad.o(.text) for _printf_post_padding
    _printf_char_common.o(.text) refers to __printf_flags_wp.o(.text) for __printf
    __rtentry2.o(.ARM.Collect$$rtentry$$00000008) refers to boardinit2.o(.text) for _platform_post_stackheap_init
    __rtentry2.o(.ARM.Collect$$rtentry$$0000000A) refers to libinit.o(.ARM.Collect$$libinit$$00000000) for __rt_lib_init
    __rtentry2.o(.ARM.Collect$$rtentry$$0000000B) refers to boardinit3.o(.text) for _platform_post_lib_init
    __rtentry2.o(.ARM.Collect$$rtentry$$0000000D) refers to main.o(i.main) for main
    __rtentry2.o(.ARM.Collect$$rtentry$$0000000D) refers to exit.o(.text) for exit
    __rtentry2.o(.ARM.exidx) refers to __rtentry2.o(.ARM.Collect$$rtentry$$00000001) for .ARM.Collect$$rtentry$$00000001
    __rtentry2.o(.ARM.exidx) refers to __rtentry2.o(.ARM.Collect$$rtentry$$00000008) for .ARM.Collect$$rtentry$$00000008
    __rtentry2.o(.ARM.exidx) refers to __rtentry2.o(.ARM.Collect$$rtentry$$0000000A) for .ARM.Collect$$rtentry$$0000000A
    __rtentry2.o(.ARM.exidx) refers to __rtentry2.o(.ARM.Collect$$rtentry$$0000000B) for .ARM.Collect$$rtentry$$0000000B
    __rtentry2.o(.ARM.exidx) refers to __rtentry2.o(.ARM.Collect$$rtentry$$0000000D) for .ARM.Collect$$rtentry$$0000000D
    __rtentry4.o(.ARM.Collect$$rtentry$$00000004) refers to sys_stackheap_outer.o(.text) for __user_setup_stackheap
    __rtentry4.o(.ARM.exidx) refers to __rtentry4.o(.ARM.Collect$$rtentry$$00000004) for .ARM.Collect$$rtentry$$00000004
    sys_stackheap_outer.o(.text) refers to libspace.o(.text) for __user_perproc_libspace
    sys_stackheap_outer.o(.text) refers to startup_stm32f401xc.o(.text) for __user_initial_stackheap
    exit.o(.text) refers to rtexit.o(.ARM.Collect$$rtexit$$00000000) for __rt_exit
    libinit.o(.ARM.Collect$$libinit$$00000000) refers (Special) to libinit2.o(.ARM.Collect$$libinit$$0000002E) for __rt_lib_init_alloca_1
    libinit.o(.ARM.Collect$$libinit$$00000000) refers (Special) to libinit2.o(.ARM.Collect$$libinit$$0000002C) for __rt_lib_init_argv_1
    libinit.o(.ARM.Collect$$libinit$$00000000) refers (Special) to libinit2.o(.ARM.Collect$$libinit$$0000001B) for __rt_lib_init_atexit_1
    libinit.o(.ARM.Collect$$libinit$$00000000) refers (Special) to libinit2.o(.ARM.Collect$$libinit$$00000021) for __rt_lib_init_clock_1
    libinit.o(.ARM.Collect$$libinit$$00000000) refers (Special) to libinit2.o(.ARM.Collect$$libinit$$00000032) for __rt_lib_init_cpp_1
    libinit.o(.ARM.Collect$$libinit$$00000000) refers (Special) to libinit2.o(.ARM.Collect$$libinit$$00000030) for __rt_lib_init_exceptions_1
    libinit.o(.ARM.Collect$$libinit$$00000000) refers (Special) to libinit2.o(.ARM.Collect$$libinit$$00000001) for __rt_lib_init_fp_1
    libinit.o(.ARM.Collect$$libinit$$00000000) refers (Special) to libinit2.o(.ARM.Collect$$libinit$$0000001F) for __rt_lib_init_fp_trap_1
    libinit.o(.ARM.Collect$$libinit$$00000000) refers (Special) to libinit2.o(.ARM.Collect$$libinit$$00000023) for __rt_lib_init_getenv_1
    libinit.o(.ARM.Collect$$libinit$$00000000) refers (Special) to libinit2.o(.ARM.Collect$$libinit$$0000000A) for __rt_lib_init_heap_1
    libinit.o(.ARM.Collect$$libinit$$00000000) refers (Special) to libinit2.o(.ARM.Collect$$libinit$$00000011) for __rt_lib_init_lc_collate_1
    libinit.o(.ARM.Collect$$libinit$$00000000) refers (Special) to libinit2.o(.ARM.Collect$$libinit$$00000013) for __rt_lib_init_lc_ctype_1
    libinit.o(.ARM.Collect$$libinit$$00000000) refers (Special) to libinit2.o(.ARM.Collect$$libinit$$00000015) for __rt_lib_init_lc_monetary_1
    libinit.o(.ARM.Collect$$libinit$$00000000) refers (Special) to libinit2.o(.ARM.Collect$$libinit$$00000017) for __rt_lib_init_lc_numeric_1
    libinit.o(.ARM.Collect$$libinit$$00000000) refers (Special) to libinit2.o(.ARM.Collect$$libinit$$00000019) for __rt_lib_init_lc_time_1
    libinit.o(.ARM.Collect$$libinit$$00000000) refers (Special) to libinit2.o(.ARM.Collect$$libinit$$00000004) for __rt_lib_init_preinit_1
    libinit.o(.ARM.Collect$$libinit$$00000000) refers (Special) to libinit2.o(.ARM.Collect$$libinit$$0000000E) for __rt_lib_init_rand_1
    libinit.o(.ARM.Collect$$libinit$$00000000) refers (Special) to libinit2.o(.ARM.Collect$$libinit$$00000033) for __rt_lib_init_return
    libinit.o(.ARM.Collect$$libinit$$00000000) refers (Special) to libinit2.o(.ARM.Collect$$libinit$$0000001D) for __rt_lib_init_signal_1
    libinit.o(.ARM.Collect$$libinit$$00000000) refers (Special) to libinit2.o(.ARM.Collect$$libinit$$00000025) for __rt_lib_init_stdio_1
    libinit.o(.ARM.Collect$$libinit$$00000000) refers (Special) to libinit2.o(.ARM.Collect$$libinit$$0000000C) for __rt_lib_init_user_alloc_1
    libspace.o(.text) refers to libspace.o(.bss) for __libspace_start
    rtexit.o(.ARM.Collect$$rtexit$$00000000) refers (Special) to rtexit2.o(.ARM.Collect$$rtexit$$00000004) for __rt_exit_exit
    rtexit.o(.ARM.Collect$$rtexit$$00000000) refers (Special) to rtexit2.o(.ARM.Collect$$rtexit$$00000003) for __rt_exit_ls
    rtexit.o(.ARM.Collect$$rtexit$$00000000) refers (Special) to rtexit2.o(.ARM.Collect$$rtexit$$00000002) for __rt_exit_prels_1
    rtexit.o(.ARM.exidx) refers (Special) to rtexit2.o(.ARM.Collect$$rtexit$$00000004) for __rt_exit_exit
    rtexit.o(.ARM.exidx) refers (Special) to rtexit2.o(.ARM.Collect$$rtexit$$00000003) for __rt_exit_ls
    rtexit.o(.ARM.exidx) refers (Special) to rtexit2.o(.ARM.Collect$$rtexit$$00000002) for __rt_exit_prels_1
    rtexit.o(.ARM.exidx) refers to rtexit.o(.ARM.Collect$$rtexit$$00000000) for .ARM.Collect$$rtexit$$00000000
    libinit2.o(.ARM.Collect$$libinit$$00000001) refers to fpinit.o(x$fpl$fpinit) for _fp_init
    libinit2.o(.ARM.Collect$$libinit$$00000010) refers to libinit2.o(.ARM.Collect$$libinit$$0000000F) for .ARM.Collect$$libinit$$0000000F
    libinit2.o(.ARM.Collect$$libinit$$00000012) refers to libinit2.o(.ARM.Collect$$libinit$$0000000F) for .ARM.Collect$$libinit$$0000000F
    libinit2.o(.ARM.Collect$$libinit$$00000014) refers to libinit2.o(.ARM.Collect$$libinit$$0000000F) for .ARM.Collect$$libinit$$0000000F
    libinit2.o(.ARM.Collect$$libinit$$00000016) refers to libinit2.o(.ARM.Collect$$libinit$$0000000F) for .ARM.Collect$$libinit$$0000000F
    libinit2.o(.ARM.Collect$$libinit$$00000018) refers to libinit2.o(.ARM.Collect$$libinit$$0000000F) for .ARM.Collect$$libinit$$0000000F
    libinit2.o(.ARM.Collect$$libinit$$00000026) refers to argv_veneer.o(.emb_text) for __ARM_argv_veneer
    libinit2.o(.ARM.Collect$$libinit$$00000027) refers to argv_veneer.o(.emb_text) for __ARM_argv_veneer
    rtexit2.o(.ARM.Collect$$rtexit$$00000003) refers to libshutdown.o(.ARM.Collect$$libshutdown$$00000000) for __rt_lib_shutdown
    rtexit2.o(.ARM.Collect$$rtexit$$00000004) refers to sys_exit.o(.text) for _sys_exit
    rtexit2.o(.ARM.exidx) refers to rtexit2.o(.ARM.Collect$$rtexit$$00000001) for .ARM.Collect$$rtexit$$00000001
    rtexit2.o(.ARM.exidx) refers to rtexit2.o(.ARM.Collect$$rtexit$$00000003) for .ARM.Collect$$rtexit$$00000003
    rtexit2.o(.ARM.exidx) refers to rtexit2.o(.ARM.Collect$$rtexit$$00000004) for .ARM.Collect$$rtexit$$00000004
    argv_veneer.o(.emb_text) refers to no_argv.o(.text) for __ARM_get_argv
    sys_exit.o(.text) refers (Special) to use_no_semi.o(.text) for __I$use$semihosting
    sys_exit.o(.text) refers (Special) to indicate_semi.o(.text) for __semihosting_library_function
    _get_argv_nomalloc.o(.text) refers (Special) to hrguard.o(.text) for __heap_region$guard
    _get_argv_nomalloc.o(.text) refers to defsig_rtmem_outer.o(.text) for __rt_SIGRTMEM
    _get_argv_nomalloc.o(.text) refers to sys_command.o(.text) for _sys_command_string
    libshutdown.o(.ARM.Collect$$libshutdown$$00000000) refers (Special) to libshutdown2.o(.ARM.Collect$$libshutdown$$00000002) for __rt_lib_shutdown_cpp_1
    libshutdown.o(.ARM.Collect$$libshutdown$$00000000) refers (Special) to libshutdown2.o(.ARM.Collect$$libshutdown$$00000007) for __rt_lib_shutdown_fp_trap_1
    libshutdown.o(.ARM.Collect$$libshutdown$$00000000) refers (Special) to libshutdown2.o(.ARM.Collect$$libshutdown$$0000000F) for __rt_lib_shutdown_heap_1
    libshutdown.o(.ARM.Collect$$libshutdown$$00000000) refers (Special) to libshutdown2.o(.ARM.Collect$$libshutdown$$00000010) for __rt_lib_shutdown_return
    libshutdown.o(.ARM.Collect$$libshutdown$$00000000) refers (Special) to libshutdown2.o(.ARM.Collect$$libshutdown$$0000000A) for __rt_lib_shutdown_signal_1
    libshutdown.o(.ARM.Collect$$libshutdown$$00000000) refers (Special) to libshutdown2.o(.ARM.Collect$$libshutdown$$00000004) for __rt_lib_shutdown_stdio_1
    libshutdown.o(.ARM.Collect$$libshutdown$$00000000) refers (Special) to libshutdown2.o(.ARM.Collect$$libshutdown$$0000000C) for __rt_lib_shutdown_user_alloc_1
    sys_command.o(.text) refers (Special) to use_no_semi.o(.text) for __I$use$semihosting
    sys_command.o(.text) refers (Special) to indicate_semi.o(.text) for __semihosting_library_function
    defsig_rtmem_outer.o(.text) refers to defsig_rtmem_inner.o(.text) for __rt_SIGRTMEM_inner
    defsig_rtmem_outer.o(.text) refers to defsig_exit.o(.text) for __sig_exit
    defsig_rtmem_formal.o(.text) refers to rt_raise.o(.text) for __rt_raise
    rt_raise.o(.text) refers to __raise.o(.text) for __raise
    rt_raise.o(.text) refers to sys_exit.o(.text) for _sys_exit
    defsig_exit.o(.text) refers to sys_exit.o(.text) for _sys_exit
    defsig_rtmem_inner.o(.text) refers to defsig_general.o(.text) for __default_signal_display
    __raise.o(.text) refers to defsig.o(CL$$defsig) for __default_signal_handler
    defsig_general.o(.text) refers to sys_wrch.o(.text) for _ttywrch
    sys_wrch.o(.text) refers (Special) to use_no_semi.o(.text) for __I$use$semihosting
    sys_wrch.o(.text) refers (Special) to indicate_semi.o(.text) for __semihosting_library_function
    defsig.o(CL$$defsig) refers to defsig_rtmem_inner.o(.text) for __rt_SIGRTMEM_inner
    defsig_abrt_inner.o(.text) refers to defsig_general.o(.text) for __default_signal_display
    defsig_fpe_inner.o(.text) refers to defsig_general.o(.text) for __default_signal_display
    defsig_rtred_inner.o(.text) refers to defsig_general.o(.text) for __default_signal_display
    defsig_stak_inner.o(.text) refers to defsig_general.o(.text) for __default_signal_display
    defsig_pvfn_inner.o(.text) refers to defsig_general.o(.text) for __default_signal_display
    defsig_cppl_inner.o(.text) refers to defsig_general.o(.text) for __default_signal_display
    defsig_segv_inner.o(.text) refers to defsig_general.o(.text) for __default_signal_display
    defsig_other.o(.text) refers to defsig_general.o(.text) for __default_signal_display


==============================================================================

Removing Unused input sections from the image.

    Removing system_stm32f4xx.o(.rev16_text), (4 bytes).
    Removing system_stm32f4xx.o(.revsh_text), (4 bytes).
    Removing system_stm32f4xx.o(.rrx_text), (6 bytes).
    Removing system_stm32f4xx.o(i.SystemCoreClockUpdate), (192 bytes).
    Removing system_stm32f4xx.o(.constdata), (24 bytes).
    Removing system_stm32f4xx.o(.data), (4 bytes).
    Removing systick.o(i.Delay_uSec), (34 bytes).
    Removing uart6.o(.data), (1 bytes).

8 unused section(s) (total 269 bytes) removed from the image.

==============================================================================

Image Symbol Table

    Local Symbols

    Symbol Name                              Value     Ov Type        Size  Object(Section)

    ../clib/angel/boardlib.s                 0x00000000   Number         0  boardinit1.o ABSOLUTE
    ../clib/angel/boardlib.s                 0x00000000   Number         0  boardinit2.o ABSOLUTE
    ../clib/angel/boardlib.s                 0x00000000   Number         0  boardinit3.o ABSOLUTE
    ../clib/angel/boardlib.s                 0x00000000   Number         0  boardshut.o ABSOLUTE
    ../clib/angel/handlers.s                 0x00000000   Number         0  __scatter_copy.o ABSOLUTE
    ../clib/angel/handlers.s                 0x00000000   Number         0  __scatter_zi.o ABSOLUTE
    ../clib/angel/kernel.s                   0x00000000   Number         0  rtexit2.o ABSOLUTE
    ../clib/angel/kernel.s                   0x00000000   Number         0  rtexit.o ABSOLUTE
    ../clib/angel/kernel.s                   0x00000000   Number         0  __rtentry.o ABSOLUTE
    ../clib/angel/kernel.s                   0x00000000   Number         0  __rtentry2.o ABSOLUTE
    ../clib/angel/kernel.s                   0x00000000   Number         0  __rtentry4.o ABSOLUTE
    ../clib/angel/rt.s                       0x00000000   Number         0  rt_raise.o ABSOLUTE
    ../clib/angel/scatter.s                  0x00000000   Number         0  __scatter.o ABSOLUTE
    ../clib/angel/startup.s                  0x00000000   Number         0  __main.o ABSOLUTE
    ../clib/angel/sys.s                      0x00000000   Number         0  sys_stackheap_outer.o ABSOLUTE
    ../clib/angel/sys.s                      0x00000000   Number         0  libspace.o ABSOLUTE
    ../clib/angel/sys.s                      0x00000000   Number         0  indicate_semi.o ABSOLUTE
    ../clib/angel/sys.s                      0x00000000   Number         0  use_no_semi.o ABSOLUTE
    ../clib/angel/sysapp.c                   0x00000000   Number         0  sys_wrch.o ABSOLUTE
    ../clib/angel/sysapp.c                   0x00000000   Number         0  sys_command.o ABSOLUTE
    ../clib/angel/sysapp.c                   0x00000000   Number         0  sys_exit.o ABSOLUTE
    ../clib/armsys.c                         0x00000000   Number         0  argv_veneer.o ABSOLUTE
    ../clib/armsys.c                         0x00000000   Number         0  argv_veneer.o ABSOLUTE
    ../clib/armsys.c                         0x00000000   Number         0  no_argv.o ABSOLUTE
    ../clib/armsys.c                         0x00000000   Number         0  _get_argv_nomalloc.o ABSOLUTE
    ../clib/heapalloc.c                      0x00000000   Number         0  hrguard.o ABSOLUTE
    ../clib/heapaux.c                        0x00000000   Number         0  heapauxi.o ABSOLUTE
    ../clib/libinit.s                        0x00000000   Number         0  libshutdown2.o ABSOLUTE
    ../clib/libinit.s                        0x00000000   Number         0  libinit2.o ABSOLUTE
    ../clib/libinit.s                        0x00000000   Number         0  libshutdown.o ABSOLUTE
    ../clib/libinit.s                        0x00000000   Number         0  libinit.o ABSOLUTE
    ../clib/misc.s                           0x00000000   Number         0  printf_stubs.o ABSOLUTE
    ../clib/printf.c                         0x00000000   Number         0  __printf_flags_ss_wp.o ABSOLUTE
    ../clib/printf.c                         0x00000000   Number         0  _printf_intcommon.o ABSOLUTE
    ../clib/printf.c                         0x00000000   Number         0  _printf_pad.o ABSOLUTE
    ../clib/printf.c                         0x00000000   Number         0  __printf_flags.o ABSOLUTE
    ../clib/printf.c                         0x00000000   Number         0  _printf_hex_int_ll.o ABSOLUTE
    ../clib/printf.c                         0x00000000   Number         0  __2sprintf.o ABSOLUTE
    ../clib/printf.c                         0x00000000   Number         0  noretval__2sprintf.o ABSOLUTE
    ../clib/printf.c                         0x00000000   Number         0  __printf.o ABSOLUTE
    ../clib/printf.c                         0x00000000   Number         0  _printf_dec.o ABSOLUTE
    ../clib/printf.c                         0x00000000   Number         0  _printf_hex_ll.o ABSOLUTE
    ../clib/printf.c                         0x00000000   Number         0  _printf_hex_int.o ABSOLUTE
    ../clib/printf.c                         0x00000000   Number         0  __printf_nopercent.o ABSOLUTE
    ../clib/printf.c                         0x00000000   Number         0  _printf_hex_ptr.o ABSOLUTE
    ../clib/printf.c                         0x00000000   Number         0  _printf_hex_int_ptr.o ABSOLUTE
    ../clib/printf.c                         0x00000000   Number         0  _printf_hex_ll_ptr.o ABSOLUTE
    ../clib/printf.c                         0x00000000   Number         0  _printf_hex_int_ll_ptr.o ABSOLUTE
    ../clib/printf.c                         0x00000000   Number         0  __printf_ss.o ABSOLUTE
    ../clib/printf.c                         0x00000000   Number         0  __printf_flags_ss.o ABSOLUTE
    ../clib/printf.c                         0x00000000   Number         0  __printf_wp.o ABSOLUTE
    ../clib/printf.c                         0x00000000   Number         0  __printf_flags_wp.o ABSOLUTE
    ../clib/printf.c                         0x00000000   Number         0  _sputc.o ABSOLUTE
    ../clib/printf.c                         0x00000000   Number         0  _printf_char_common.o ABSOLUTE
    ../clib/printf.c                         0x00000000   Number         0  __printf_ss_wp.o ABSOLUTE
    ../clib/printf_percent.s                 0x00000000   Number         0  _printf_d.o ABSOLUTE
    ../clib/printf_percent.s                 0x00000000   Number         0  _printf_x.o ABSOLUTE
    ../clib/printf_percent.s                 0x00000000   Number         0  _printf_percent_end.o ABSOLUTE
    ../clib/printf_percent.s                 0x00000000   Number         0  _printf_percent.o ABSOLUTE
    ../clib/signal.c                         0x00000000   Number         0  defsig_cppl_inner.o ABSOLUTE
    ../clib/signal.c                         0x00000000   Number         0  defsig_pvfn_inner.o ABSOLUTE
    ../clib/signal.c                         0x00000000   Number         0  defsig_stak_inner.o ABSOLUTE
    ../clib/signal.c                         0x00000000   Number         0  defsig_rtred_inner.o ABSOLUTE
    ../clib/signal.c                         0x00000000   Number         0  defsig_fpe_inner.o ABSOLUTE
    ../clib/signal.c                         0x00000000   Number         0  defsig_abrt_inner.o ABSOLUTE
    ../clib/signal.c                         0x00000000   Number         0  defsig_general.o ABSOLUTE
    ../clib/signal.c                         0x00000000   Number         0  __raise.o ABSOLUTE
    ../clib/signal.c                         0x00000000   Number         0  defsig_rtmem_inner.o ABSOLUTE
    ../clib/signal.c                         0x00000000   Number         0  defsig_exit.o ABSOLUTE
    ../clib/signal.c                         0x00000000   Number         0  defsig_rtmem_formal.o ABSOLUTE
    ../clib/signal.c                         0x00000000   Number         0  defsig_rtmem_outer.o ABSOLUTE
    ../clib/signal.c                         0x00000000   Number         0  defsig_segv_inner.o ABSOLUTE
    ../clib/signal.c                         0x00000000   Number         0  defsig_other.o ABSOLUTE
    ../clib/signal.s                         0x00000000   Number         0  defsig.o ABSOLUTE
    ../clib/stdlib.c                         0x00000000   Number         0  exit.o ABSOLUTE
    ../fplib/fpinit.s                        0x00000000   Number         0  fpinit.o ABSOLUTE
    ADC_LM35.c                               0x00000000   Number         0  adc_lm35.o ABSOLUTE
    LCD.c                                    0x00000000   Number         0  lcd.o ABSOLUTE
    MAIN.c                                   0x00000000   Number         0  main.o ABSOLUTE
    RTE\Device\STM32F401RBTx\startup_stm32f401xc.s 0x00000000   Number         0  startup_stm32f401xc.o ABSOLUTE
    RTE\Device\STM32F401RBTx\system_stm32f4xx.c 0x00000000   Number         0  system_stm32f4xx.o ABSOLUTE
    RTE\\Device\\STM32F401RBTx\\system_stm32f4xx.c 0x00000000   Number         0  system_stm32f4xx.o ABSOLUTE
    SYSTICK.c                                0x00000000   Number         0  systick.o ABSOLUTE
    UART6.c                                  0x00000000   Number         0  uart6.o ABSOLUTE
    dc.s                                     0x00000000   Number         0  dc.o ABSOLUTE
    src\i2c.c                                0x00000000   Number         0  i2c.o ABSOLUTE
    time change.c                            0x00000000   Number         0  time change.o ABSOLUTE
    RESET                                    0x08000000   Section      404  startup_stm32f401xc.o(RESET)
    !!!main                                  0x08000194   Section        8  __main.o(!!!main)
    !!!scatter                               0x0800019c   Section       52  __scatter.o(!!!scatter)
    !!handler_copy                           0x080001d0   Section       26  __scatter_copy.o(!!handler_copy)
    !!handler_zi                             0x080001ec   Section       28  __scatter_zi.o(!!handler_zi)
    .ARM.Collect$$_printf_percent$$00000000  0x08000208   Section        0  _printf_percent.o(.ARM.Collect$$_printf_percent$$00000000)
    .ARM.Collect$$_printf_percent$$00000009  0x08000208   Section        6  _printf_d.o(.ARM.Collect$$_printf_percent$$00000009)
    .ARM.Collect$$_printf_percent$$0000000C  0x0800020e   Section        6  _printf_x.o(.ARM.Collect$$_printf_percent$$0000000C)
    .ARM.Collect$$_printf_percent$$00000017  0x08000214   Section        4  _printf_percent_end.o(.ARM.Collect$$_printf_percent$$00000017)
    .ARM.Collect$$libinit$$00000000          0x08000218   Section        2  libinit.o(.ARM.Collect$$libinit$$00000000)
    .ARM.Collect$$libinit$$00000001          0x0800021a   Section        4  libinit2.o(.ARM.Collect$$libinit$$00000001)
    .ARM.Collect$$libinit$$00000004          0x0800021e   Section        0  libinit2.o(.ARM.Collect$$libinit$$00000004)
    .ARM.Collect$$libinit$$0000000A          0x0800021e   Section        0  libinit2.o(.ARM.Collect$$libinit$$0000000A)
    .ARM.Collect$$libinit$$0000000C          0x0800021e   Section        0  libinit2.o(.ARM.Collect$$libinit$$0000000C)
    .ARM.Collect$$libinit$$0000000E          0x0800021e   Section        0  libinit2.o(.ARM.Collect$$libinit$$0000000E)
    .ARM.Collect$$libinit$$00000011          0x0800021e   Section        0  libinit2.o(.ARM.Collect$$libinit$$00000011)
    .ARM.Collect$$libinit$$00000013          0x0800021e   Section        0  libinit2.o(.ARM.Collect$$libinit$$00000013)
    .ARM.Collect$$libinit$$00000015          0x0800021e   Section        0  libinit2.o(.ARM.Collect$$libinit$$00000015)
    .ARM.Collect$$libinit$$00000017          0x0800021e   Section        0  libinit2.o(.ARM.Collect$$libinit$$00000017)
    .ARM.Collect$$libinit$$00000019          0x0800021e   Section        0  libinit2.o(.ARM.Collect$$libinit$$00000019)
    .ARM.Collect$$libinit$$0000001B          0x0800021e   Section        0  libinit2.o(.ARM.Collect$$libinit$$0000001B)
    .ARM.Collect$$libinit$$0000001D          0x0800021e   Section        0  libinit2.o(.ARM.Collect$$libinit$$0000001D)
    .ARM.Collect$$libinit$$0000001F          0x0800021e   Section        0  libinit2.o(.ARM.Collect$$libinit$$0000001F)
    .ARM.Collect$$libinit$$00000021          0x0800021e   Section        0  libinit2.o(.ARM.Collect$$libinit$$00000021)
    .ARM.Collect$$libinit$$00000023          0x0800021e   Section        0  libinit2.o(.ARM.Collect$$libinit$$00000023)
    .ARM.Collect$$libinit$$00000025          0x0800021e   Section        0  libinit2.o(.ARM.Collect$$libinit$$00000025)
    .ARM.Collect$$libinit$$0000002C          0x0800021e   Section        0  libinit2.o(.ARM.Collect$$libinit$$0000002C)
    .ARM.Collect$$libinit$$0000002E          0x0800021e   Section        0  libinit2.o(.ARM.Collect$$libinit$$0000002E)
    .ARM.Collect$$libinit$$00000030          0x0800021e   Section        0  libinit2.o(.ARM.Collect$$libinit$$00000030)
    .ARM.Collect$$libinit$$00000032          0x0800021e   Section        0  libinit2.o(.ARM.Collect$$libinit$$00000032)
    .ARM.Collect$$libinit$$00000033          0x0800021e   Section        2  libinit2.o(.ARM.Collect$$libinit$$00000033)
    .ARM.Collect$$libshutdown$$00000000      0x08000220   Section        2  libshutdown.o(.ARM.Collect$$libshutdown$$00000000)
    .ARM.Collect$$libshutdown$$00000002      0x08000222   Section        0  libshutdown2.o(.ARM.Collect$$libshutdown$$00000002)
    .ARM.Collect$$libshutdown$$00000004      0x08000222   Section        0  libshutdown2.o(.ARM.Collect$$libshutdown$$00000004)
    .ARM.Collect$$libshutdown$$00000007      0x08000222   Section        0  libshutdown2.o(.ARM.Collect$$libshutdown$$00000007)
    .ARM.Collect$$libshutdown$$0000000A      0x08000222   Section        0  libshutdown2.o(.ARM.Collect$$libshutdown$$0000000A)
    .ARM.Collect$$libshutdown$$0000000C      0x08000222   Section        0  libshutdown2.o(.ARM.Collect$$libshutdown$$0000000C)
    .ARM.Collect$$libshutdown$$0000000F      0x08000222   Section        0  libshutdown2.o(.ARM.Collect$$libshutdown$$0000000F)
    .ARM.Collect$$libshutdown$$00000010      0x08000222   Section        2  libshutdown2.o(.ARM.Collect$$libshutdown$$00000010)
    .ARM.Collect$$rtentry$$00000000          0x08000224   Section        0  __rtentry.o(.ARM.Collect$$rtentry$$00000000)
    .ARM.Collect$$rtentry$$00000002          0x08000224   Section        0  __rtentry2.o(.ARM.Collect$$rtentry$$00000002)
    .ARM.Collect$$rtentry$$00000004          0x08000224   Section        6  __rtentry4.o(.ARM.Collect$$rtentry$$00000004)
    .ARM.Collect$$rtentry$$00000009          0x0800022a   Section        0  __rtentry2.o(.ARM.Collect$$rtentry$$00000009)
    .ARM.Collect$$rtentry$$0000000A          0x0800022a   Section        4  __rtentry2.o(.ARM.Collect$$rtentry$$0000000A)
    .ARM.Collect$$rtentry$$0000000C          0x0800022e   Section        0  __rtentry2.o(.ARM.Collect$$rtentry$$0000000C)
    .ARM.Collect$$rtentry$$0000000D          0x0800022e   Section        8  __rtentry2.o(.ARM.Collect$$rtentry$$0000000D)
    .ARM.Collect$$rtexit$$00000000           0x08000236   Section        2  rtexit.o(.ARM.Collect$$rtexit$$00000000)
    .ARM.Collect$$rtexit$$00000002           0x08000238   Section        0  rtexit2.o(.ARM.Collect$$rtexit$$00000002)
    .ARM.Collect$$rtexit$$00000003           0x08000238   Section        4  rtexit2.o(.ARM.Collect$$rtexit$$00000003)
    .ARM.Collect$$rtexit$$00000004           0x0800023c   Section        6  rtexit2.o(.ARM.Collect$$rtexit$$00000004)
    .text                                    0x08000244   Section       64  startup_stm32f401xc.o(.text)
    $v0                                      0x08000244   Number         0  startup_stm32f401xc.o(.text)
    .text                                    0x08000284   Section        0  noretval__2sprintf.o(.text)
    .text                                    0x080002ac   Section        0  _printf_pad.o(.text)
    .text                                    0x080002fc   Section        0  _printf_dec.o(.text)
    .text                                    0x08000374   Section        0  _printf_hex_int.o(.text)
    .text                                    0x080003cc   Section        0  __printf_flags_wp.o(.text)
    .text                                    0x08000504   Section        0  heapauxi.o(.text)
    .text                                    0x0800050a   Section        0  _printf_intcommon.o(.text)
    .text                                    0x080005bc   Section        0  _printf_char_common.o(.text)
    _printf_input_char                       0x080005bd   Thumb Code    10  _printf_char_common.o(.text)
    .text                                    0x080005ec   Section        0  _sputc.o(.text)
    .text                                    0x080005f6   Section       74  sys_stackheap_outer.o(.text)
    .text                                    0x08000640   Section        0  exit.o(.text)
    .text                                    0x08000654   Section        8  libspace.o(.text)
    .text                                    0x0800065c   Section        0  sys_exit.o(.text)
    .text                                    0x08000668   Section        2  use_no_semi.o(.text)
    .text                                    0x0800066a   Section        0  indicate_semi.o(.text)
    i.ADC_Config                             0x0800066c   Section        0  adc_lm35.o(i.ADC_Config)
    i.ADC_Init                               0x0800069c   Section        0  adc_lm35.o(i.ADC_Init)
    i.Delay_Sec                              0x080006bc   Section        0  systick.o(i.Delay_Sec)
    i.Delay_mSec                             0x080006ec   Section        0  systick.o(i.Delay_mSec)
    i.Delay_ms                               0x08000712   Section        0  lcd.o(i.Delay_ms)
    i.GPIOA_INIT                             0x08000728   Section        0  uart6.o(i.GPIOA_INIT)
    i.GPIOB_init                             0x0800077c   Section        0  main.o(i.GPIOB_init)
    i.GPIOC_Config                           0x0800079c   Section        0  adc_lm35.o(i.GPIOC_Config)
    i.GPIOC_PUPDR_cofig                      0x080007b8   Section        0  time change.o(i.GPIOC_PUPDR_cofig)
    i.GPOIC_Init                             0x080007d4   Section        0  adc_lm35.o(i.GPOIC_Init)
    i.KM_Delay_ms                            0x080007f4   Section        0  systick.o(i.KM_Delay_ms)
    i.KM_I2C1_Config                         0x08000838   Section        0  i2c.o(i.KM_I2C1_Config)
    i.KM_I2C1_Init                           0x080008c4   Section        0  i2c.o(i.KM_I2C1_Init)
    i.KM_I2C_IsDeviceReady                   0x08000944   Section        0  i2c.o(i.KM_I2C_IsDeviceReady)
    i.KM_I2C_Mem_Read                        0x08000a4c   Section        0  i2c.o(i.KM_I2C_Mem_Read)
    i.KM_I2C_Mem_Write                       0x08000be4   Section        0  i2c.o(i.KM_I2C_Mem_Write)
    i.KM_LCD_Init                            0x08000d38   Section        0  lcd.o(i.KM_LCD_Init)
    i.KM_LCD_Write_Cmd                       0x08000da4   Section        0  lcd.o(i.KM_LCD_Write_Cmd)
    i.KM_LCD_Write_Data                      0x08000dc8   Section        0  lcd.o(i.KM_LCD_Write_Data)
    i.KM_LCD_Write_Lower_Str                 0x08000dec   Section        0  lcd.o(i.KM_LCD_Write_Lower_Str)
    i.KM_LCD_Write_Str                       0x08000e0c   Section        0  lcd.o(i.KM_LCD_Write_Str)
    i.KM_LCD_Write_Upper_Str                 0x08000e2e   Section        0  lcd.o(i.KM_LCD_Write_Upper_Str)
    i.STK_Init                               0x08000e4e   Section        0  systick.o(i.STK_Init)
    i.SystemInit                             0x08000e70   Section        0  system_stm32f4xx.o(i.SystemInit)
    i.Task1_ReadRTC_WriteLCD_1Sec            0x08000ed4   Section        0  main.o(i.Task1_ReadRTC_WriteLCD_1Sec)
    i.Task2_ReadLM35_WriteLCD_10Sec          0x08000f38   Section        0  main.o(i.Task2_ReadLM35_WriteLCD_10Sec)
    i.Task4_write_eeprom                     0x08000fa8   Section        0  main.o(i.Task4_write_eeprom)
    i.Task5_SWMS_Config                      0x08000fd4   Section        0  main.o(i.Task5_SWMS_Config)
    i.Task_3_and_4_Wi_Fi_Tx                  0x08000fdc   Section        0  main.o(i.Task_3_and_4_Wi_Fi_Tx)
    i.Temperature                            0x08001128   Section        0  adc_lm35.o(i.Temperature)
    i.UART6_CONIF                            0x08001158   Section        0  uart6.o(i.UART6_CONIF)
    i.UART6_InChar                           0x080011a8   Section        0  uart6.o(i.UART6_InChar)
    i.UART6_OutChar                          0x080011d8   Section        0  uart6.o(i.UART6_OutChar)
    i._is_digit                              0x080011f4   Section        0  __printf_wp.o(i._is_digit)
    i.check                                  0x08001204   Section        0  time change.o(i.check)
    i.check1                                 0x08001278   Section        0  time change.o(i.check1)
    i.main                                   0x080013b4   Section        0  main.o(i.main)
    i.outstring                              0x08001508   Section        0  uart6.o(i.outstring)
    i.print                                  0x08001520   Section        0  time change.o(i.print)
    i.red_cofig                              0x08001584   Section        0  main.o(i.red_cofig)
    i.timechange                             0x080015a0   Section        0  time change.o(i.timechange)
    i.wifi_init1                             0x0800175c   Section        0  main.o(i.wifi_init1)
    i.wifi_response                          0x08001acc   Section        0  main.o(i.wifi_response)
    i.write_high_nibble                      0x08001b14   Section        0  lcd.o(i.write_high_nibble)
    i.write_low_nibble                       0x08001b50   Section        0  lcd.o(i.write_low_nibble)
    x$fpl$fpinit                             0x08001b90   Section       10  fpinit.o(x$fpl$fpinit)
    $v0                                      0x08001b90   Number         0  fpinit.o(x$fpl$fpinit)
    .constdata                               0x08001b9a   Section       40  _printf_hex_int.o(.constdata)
    uc_hextab                                0x08001b9a   Data          20  _printf_hex_int.o(.constdata)
    lc_hextab                                0x08001bae   Data          20  _printf_hex_int.o(.constdata)
    .constdata                               0x08001bc2   Section       17  __printf_flags_wp.o(.constdata)
    maptable                                 0x08001bc2   Data          17  __printf_flags_wp.o(.constdata)
    .data                                    0x20000000   Section       40  main.o(.data)
    .data                                    0x20000028   Section        4  adc_lm35.o(.data)
    .data                                    0x2000002c   Section       24  time change.o(.data)
    .bss                                     0x20000044   Section      260  main.o(.bss)
    .bss                                     0x20000148   Section       20  time change.o(.bss)
    .bss                                     0x2000015c   Section       96  libspace.o(.bss)
    HEAP                                     0x200001c0   Section      512  startup_stm32f401xc.o(HEAP)
    Heap_Mem                                 0x200001c0   Data         512  startup_stm32f401xc.o(HEAP)
    STACK                                    0x200003c0   Section     1024  startup_stm32f401xc.o(STACK)
    Stack_Mem                                0x200003c0   Data        1024  startup_stm32f401xc.o(STACK)
    __initial_sp                             0x200007c0   Data           0  startup_stm32f401xc.o(STACK)

    Global Symbols

    Symbol Name                              Value     Ov Type        Size  Object(Section)

    BuildAttributes$$THM_ISAv4$E$P$D$K$B$S$7EM$VFPi3$EXTD16$VFPS$VFMA$PE$A:L22UL41UL21$X:L11$S22US41US21$IEEE1$IW$USESV6$~STKCKD$USESV7$~SHL$OSPACE$ROPI$EBA8$UX$STANDARDLIB$REQ8$PRES8$EABIv2 0x00000000   Number         0  anon$$obj.o ABSOLUTE
    __ARM_use_no_argv                        0x00000000   Number         0  main.o ABSOLUTE
    _printf_flags                            0x00000000   Number         0  printf_stubs.o ABSOLUTE
    _printf_return_value                     0x00000000   Number         0  printf_stubs.o ABSOLUTE
    _printf_sizespec                         0x00000000   Number         0  printf_stubs.o ABSOLUTE
    _printf_widthprec                        0x00000000   Number         0  printf_stubs.o ABSOLUTE
    __ARM_exceptions_init                     - Undefined Weak Reference
    __alloca_initialize                       - Undefined Weak Reference
    __arm_preinit_                            - Undefined Weak Reference
    __cpp_initialize__aeabi_                  - Undefined Weak Reference
    __cxa_finalize                            - Undefined Weak Reference
    __rt_locale                               - Undefined Weak Reference
    __sigvec_lookup                           - Undefined Weak Reference
    _atexit_init                              - Undefined Weak Reference
    _call_atexit_fns                          - Undefined Weak Reference
    _clock_init                               - Undefined Weak Reference
    _fp_trap_init                             - Undefined Weak Reference
    _fp_trap_shutdown                         - Undefined Weak Reference
    _get_lc_collate                           - Undefined Weak Reference
    _get_lc_ctype                             - Undefined Weak Reference
    _get_lc_monetary                          - Undefined Weak Reference
    _get_lc_numeric                           - Undefined Weak Reference
    _get_lc_time                              - Undefined Weak Reference
    _getenv_init                              - Undefined Weak Reference
    _handle_redirection                       - Undefined Weak Reference
    _init_alloc                               - Undefined Weak Reference
    _init_user_alloc                          - Undefined Weak Reference
    _initio                                   - Undefined Weak Reference
    _printf_truncate_signed                   - Undefined Weak Reference
    _printf_truncate_unsigned                 - Undefined Weak Reference
    _rand_init                                - Undefined Weak Reference
    _signal_finish                            - Undefined Weak Reference
    _signal_init                              - Undefined Weak Reference
    _terminate_alloc                          - Undefined Weak Reference
    _terminate_user_alloc                     - Undefined Weak Reference
    _terminateio                              - Undefined Weak Reference
    __Vectors_Size                           0x00000194   Number         0  startup_stm32f401xc.o ABSOLUTE
    __Vectors                                0x08000000   Data           4  startup_stm32f401xc.o(RESET)
    __Vectors_End                            0x08000194   Data           0  startup_stm32f401xc.o(RESET)
    __main                                   0x08000195   Thumb Code     8  __main.o(!!!main)
    __scatterload                            0x0800019d   Thumb Code     0  __scatter.o(!!!scatter)
    __scatterload_rt2                        0x0800019d   Thumb Code    44  __scatter.o(!!!scatter)
    __scatterload_rt2_thumb_only             0x0800019d   Thumb Code     0  __scatter.o(!!!scatter)
    __scatterload_null                       0x080001ab   Thumb Code     0  __scatter.o(!!!scatter)
    __scatterload_copy                       0x080001d1   Thumb Code    26  __scatter_copy.o(!!handler_copy)
    __scatterload_zeroinit                   0x080001ed   Thumb Code    28  __scatter_zi.o(!!handler_zi)
    _printf_d                                0x08000209   Thumb Code     0  _printf_d.o(.ARM.Collect$$_printf_percent$$00000009)
    _printf_percent                          0x08000209   Thumb Code     0  _printf_percent.o(.ARM.Collect$$_printf_percent$$00000000)
    _printf_x                                0x0800020f   Thumb Code     0  _printf_x.o(.ARM.Collect$$_printf_percent$$0000000C)
    _printf_percent_end                      0x08000215   Thumb Code     0  _printf_percent_end.o(.ARM.Collect$$_printf_percent$$00000017)
    __rt_lib_init                            0x08000219   Thumb Code     0  libinit.o(.ARM.Collect$$libinit$$00000000)
    __rt_lib_init_fp_1                       0x0800021b   Thumb Code     0  libinit2.o(.ARM.Collect$$libinit$$00000001)
    __rt_lib_init_alloca_1                   0x0800021f   Thumb Code     0  libinit2.o(.ARM.Collect$$libinit$$0000002E)
    __rt_lib_init_argv_1                     0x0800021f   Thumb Code     0  libinit2.o(.ARM.Collect$$libinit$$0000002C)
    __rt_lib_init_atexit_1                   0x0800021f   Thumb Code     0  libinit2.o(.ARM.Collect$$libinit$$0000001B)
    __rt_lib_init_clock_1                    0x0800021f   Thumb Code     0  libinit2.o(.ARM.Collect$$libinit$$00000021)
    __rt_lib_init_cpp_1                      0x0800021f   Thumb Code     0  libinit2.o(.ARM.Collect$$libinit$$00000032)
    __rt_lib_init_exceptions_1               0x0800021f   Thumb Code     0  libinit2.o(.ARM.Collect$$libinit$$00000030)
    __rt_lib_init_fp_trap_1                  0x0800021f   Thumb Code     0  libinit2.o(.ARM.Collect$$libinit$$0000001F)
    __rt_lib_init_getenv_1                   0x0800021f   Thumb Code     0  libinit2.o(.ARM.Collect$$libinit$$00000023)
    __rt_lib_init_heap_1                     0x0800021f   Thumb Code     0  libinit2.o(.ARM.Collect$$libinit$$0000000A)
    __rt_lib_init_lc_collate_1               0x0800021f   Thumb Code     0  libinit2.o(.ARM.Collect$$libinit$$00000011)
    __rt_lib_init_lc_ctype_1                 0x0800021f   Thumb Code     0  libinit2.o(.ARM.Collect$$libinit$$00000013)
    __rt_lib_init_lc_monetary_1              0x0800021f   Thumb Code     0  libinit2.o(.ARM.Collect$$libinit$$00000015)
    __rt_lib_init_lc_numeric_1               0x0800021f   Thumb Code     0  libinit2.o(.ARM.Collect$$libinit$$00000017)
    __rt_lib_init_lc_time_1                  0x0800021f   Thumb Code     0  libinit2.o(.ARM.Collect$$libinit$$00000019)
    __rt_lib_init_preinit_1                  0x0800021f   Thumb Code     0  libinit2.o(.ARM.Collect$$libinit$$00000004)
    __rt_lib_init_rand_1                     0x0800021f   Thumb Code     0  libinit2.o(.ARM.Collect$$libinit$$0000000E)
    __rt_lib_init_return                     0x0800021f   Thumb Code     0  libinit2.o(.ARM.Collect$$libinit$$00000033)
    __rt_lib_init_signal_1                   0x0800021f   Thumb Code     0  libinit2.o(.ARM.Collect$$libinit$$0000001D)
    __rt_lib_init_stdio_1                    0x0800021f   Thumb Code     0  libinit2.o(.ARM.Collect$$libinit$$00000025)
    __rt_lib_init_user_alloc_1               0x0800021f   Thumb Code     0  libinit2.o(.ARM.Collect$$libinit$$0000000C)
    __rt_lib_shutdown                        0x08000221   Thumb Code     0  libshutdown.o(.ARM.Collect$$libshutdown$$00000000)
    __rt_lib_shutdown_cpp_1                  0x08000223   Thumb Code     0  libshutdown2.o(.ARM.Collect$$libshutdown$$00000002)
    __rt_lib_shutdown_fp_trap_1              0x08000223   Thumb Code     0  libshutdown2.o(.ARM.Collect$$libshutdown$$00000007)
    __rt_lib_shutdown_heap_1                 0x08000223   Thumb Code     0  libshutdown2.o(.ARM.Collect$$libshutdown$$0000000F)
    __rt_lib_shutdown_return                 0x08000223   Thumb Code     0  libshutdown2.o(.ARM.Collect$$libshutdown$$00000010)
    __rt_lib_shutdown_signal_1               0x08000223   Thumb Code     0  libshutdown2.o(.ARM.Collect$$libshutdown$$0000000A)
    __rt_lib_shutdown_stdio_1                0x08000223   Thumb Code     0  libshutdown2.o(.ARM.Collect$$libshutdown$$00000004)
    __rt_lib_shutdown_user_alloc_1           0x08000223   Thumb Code     0  libshutdown2.o(.ARM.Collect$$libshutdown$$0000000C)
    __rt_entry                               0x08000225   Thumb Code     0  __rtentry.o(.ARM.Collect$$rtentry$$00000000)
    __rt_entry_presh_1                       0x08000225   Thumb Code     0  __rtentry2.o(.ARM.Collect$$rtentry$$00000002)
    __rt_entry_sh                            0x08000225   Thumb Code     0  __rtentry4.o(.ARM.Collect$$rtentry$$00000004)
    __rt_entry_li                            0x0800022b   Thumb Code     0  __rtentry2.o(.ARM.Collect$$rtentry$$0000000A)
    __rt_entry_postsh_1                      0x0800022b   Thumb Code     0  __rtentry2.o(.ARM.Collect$$rtentry$$00000009)
    __rt_entry_main                          0x0800022f   Thumb Code     0  __rtentry2.o(.ARM.Collect$$rtentry$$0000000D)
    __rt_entry_postli_1                      0x0800022f   Thumb Code     0  __rtentry2.o(.ARM.Collect$$rtentry$$0000000C)
    __rt_exit                                0x08000237   Thumb Code     0  rtexit.o(.ARM.Collect$$rtexit$$00000000)
    __rt_exit_ls                             0x08000239   Thumb Code     0  rtexit2.o(.ARM.Collect$$rtexit$$00000003)
    __rt_exit_prels_1                        0x08000239   Thumb Code     0  rtexit2.o(.ARM.Collect$$rtexit$$00000002)
    __rt_exit_exit                           0x0800023d   Thumb Code     0  rtexit2.o(.ARM.Collect$$rtexit$$00000004)
    Reset_Handler                            0x08000245   Thumb Code     8  startup_stm32f401xc.o(.text)
    NMI_Handler                              0x0800024d   Thumb Code     2  startup_stm32f401xc.o(.text)
    HardFault_Handler                        0x0800024f   Thumb Code     2  startup_stm32f401xc.o(.text)
    MemManage_Handler                        0x08000251   Thumb Code     2  startup_stm32f401xc.o(.text)
    BusFault_Handler                         0x08000253   Thumb Code     2  startup_stm32f401xc.o(.text)
    UsageFault_Handler                       0x08000255   Thumb Code     2  startup_stm32f401xc.o(.text)
    SVC_Handler                              0x08000257   Thumb Code     2  startup_stm32f401xc.o(.text)
    DebugMon_Handler                         0x08000259   Thumb Code     2  startup_stm32f401xc.o(.text)
    PendSV_Handler                           0x0800025b   Thumb Code     2  startup_stm32f401xc.o(.text)
    SysTick_Handler                          0x0800025d   Thumb Code     2  startup_stm32f401xc.o(.text)
    ADC_IRQHandler                           0x0800025f   Thumb Code     0  startup_stm32f401xc.o(.text)
    DMA1_Stream0_IRQHandler                  0x0800025f   Thumb Code     0  startup_stm32f401xc.o(.text)
    DMA1_Stream1_IRQHandler                  0x0800025f   Thumb Code     0  startup_stm32f401xc.o(.text)
    DMA1_Stream2_IRQHandler                  0x0800025f   Thumb Code     0  startup_stm32f401xc.o(.text)
    DMA1_Stream3_IRQHandler                  0x0800025f   Thumb Code     0  startup_stm32f401xc.o(.text)
    DMA1_Stream4_IRQHandler                  0x0800025f   Thumb Code     0  startup_stm32f401xc.o(.text)
    DMA1_Stream5_IRQHandler                  0x0800025f   Thumb Code     0  startup_stm32f401xc.o(.text)
    DMA1_Stream6_IRQHandler                  0x0800025f   Thumb Code     0  startup_stm32f401xc.o(.text)
    DMA1_Stream7_IRQHandler                  0x0800025f   Thumb Code     0  startup_stm32f401xc.o(.text)
    DMA2_Stream0_IRQHandler                  0x0800025f   Thumb Code     0  startup_stm32f401xc.o(.text)
    DMA2_Stream1_IRQHandler                  0x0800025f   Thumb Code     0  startup_stm32f401xc.o(.text)
    DMA2_Stream2_IRQHandler                  0x0800025f   Thumb Code     0  startup_stm32f401xc.o(.text)
    DMA2_Stream3_IRQHandler                  0x0800025f   Thumb Code     0  startup_stm32f401xc.o(.text)
    DMA2_Stream4_IRQHandler                  0x0800025f   Thumb Code     0  startup_stm32f401xc.o(.text)
    DMA2_Stream5_IRQHandler                  0x0800025f   Thumb Code     0  startup_stm32f401xc.o(.text)
    DMA2_Stream6_IRQHandler                  0x0800025f   Thumb Code     0  startup_stm32f401xc.o(.text)
    DMA2_Stream7_IRQHandler                  0x0800025f   Thumb Code     0  startup_stm32f401xc.o(.text)
    EXTI0_IRQHandler                         0x0800025f   Thumb Code     0  startup_stm32f401xc.o(.text)
    EXTI15_10_IRQHandler                     0x0800025f   Thumb Code     0  startup_stm32f401xc.o(.text)
    EXTI1_IRQHandler                         0x0800025f   Thumb Code     0  startup_stm32f401xc.o(.text)
    EXTI2_IRQHandler                         0x0800025f   Thumb Code     0  startup_stm32f401xc.o(.text)
    EXTI3_IRQHandler                         0x0800025f   Thumb Code     0  startup_stm32f401xc.o(.text)
    EXTI4_IRQHandler                         0x0800025f   Thumb Code     0  startup_stm32f401xc.o(.text)
    EXTI9_5_IRQHandler                       0x0800025f   Thumb Code     0  startup_stm32f401xc.o(.text)
    FLASH_IRQHandler                         0x0800025f   Thumb Code     0  startup_stm32f401xc.o(.text)
    FPU_IRQHandler                           0x0800025f   Thumb Code     0  startup_stm32f401xc.o(.text)
    I2C1_ER_IRQHandler                       0x0800025f   Thumb Code     0  startup_stm32f401xc.o(.text)
    I2C1_EV_IRQHandler                       0x0800025f   Thumb Code     0  startup_stm32f401xc.o(.text)
    I2C2_ER_IRQHandler                       0x0800025f   Thumb Code     0  startup_stm32f401xc.o(.text)
    I2C2_EV_IRQHandler                       0x0800025f   Thumb Code     0  startup_stm32f401xc.o(.text)
    I2C3_ER_IRQHandler                       0x0800025f   Thumb Code     0  startup_stm32f401xc.o(.text)
    I2C3_EV_IRQHandler                       0x0800025f   Thumb Code     0  startup_stm32f401xc.o(.text)
    OTG_FS_IRQHandler                        0x0800025f   Thumb Code     0  startup_stm32f401xc.o(.text)
    OTG_FS_WKUP_IRQHandler                   0x0800025f   Thumb Code     0  startup_stm32f401xc.o(.text)
    PVD_IRQHandler                           0x0800025f   Thumb Code     0  startup_stm32f401xc.o(.text)
    RCC_IRQHandler                           0x0800025f   Thumb Code     0  startup_stm32f401xc.o(.text)
    RTC_Alarm_IRQHandler                     0x0800025f   Thumb Code     0  startup_stm32f401xc.o(.text)
    RTC_WKUP_IRQHandler                      0x0800025f   Thumb Code     0  startup_stm32f401xc.o(.text)
    SDIO_IRQHandler                          0x0800025f   Thumb Code     0  startup_stm32f401xc.o(.text)
    SPI1_IRQHandler                          0x0800025f   Thumb Code     0  startup_stm32f401xc.o(.text)
    SPI2_IRQHandler                          0x0800025f   Thumb Code     0  startup_stm32f401xc.o(.text)
    SPI3_IRQHandler                          0x0800025f   Thumb Code     0  startup_stm32f401xc.o(.text)
    SPI4_IRQHandler                          0x0800025f   Thumb Code     0  startup_stm32f401xc.o(.text)
    TAMP_STAMP_IRQHandler                    0x0800025f   Thumb Code     0  startup_stm32f401xc.o(.text)
    TIM1_BRK_TIM9_IRQHandler                 0x0800025f   Thumb Code     0  startup_stm32f401xc.o(.text)
    TIM1_CC_IRQHandler                       0x0800025f   Thumb Code     0  startup_stm32f401xc.o(.text)
    TIM1_TRG_COM_TIM11_IRQHandler            0x0800025f   Thumb Code     0  startup_stm32f401xc.o(.text)
    TIM1_UP_TIM10_IRQHandler                 0x0800025f   Thumb Code     0  startup_stm32f401xc.o(.text)
    TIM2_IRQHandler                          0x0800025f   Thumb Code     0  startup_stm32f401xc.o(.text)
    TIM3_IRQHandler                          0x0800025f   Thumb Code     0  startup_stm32f401xc.o(.text)
    TIM4_IRQHandler                          0x0800025f   Thumb Code     0  startup_stm32f401xc.o(.text)
    TIM5_IRQHandler                          0x0800025f   Thumb Code     0  startup_stm32f401xc.o(.text)
    USART1_IRQHandler                        0x0800025f   Thumb Code     0  startup_stm32f401xc.o(.text)
    USART2_IRQHandler                        0x0800025f   Thumb Code     0  startup_stm32f401xc.o(.text)
    USART6_IRQHandler                        0x0800025f   Thumb Code     0  startup_stm32f401xc.o(.text)
    WWDG_IRQHandler                          0x0800025f   Thumb Code     0  startup_stm32f401xc.o(.text)
    __user_initial_stackheap                 0x08000261   Thumb Code     0  startup_stm32f401xc.o(.text)
    __2sprintf                               0x08000285   Thumb Code    34  noretval__2sprintf.o(.text)
    _printf_pre_padding                      0x080002ad   Thumb Code    44  _printf_pad.o(.text)
    _printf_post_padding                     0x080002d9   Thumb Code    34  _printf_pad.o(.text)
    _printf_int_dec                          0x080002fd   Thumb Code   104  _printf_dec.o(.text)
    _printf_int_hex                          0x08000375   Thumb Code    84  _printf_hex_int.o(.text)
    _printf_longlong_hex                     0x08000375   Thumb Code     0  _printf_hex_int.o(.text)
    __printf                                 0x080003cd   Thumb Code   308  __printf_flags_wp.o(.text)
    __use_two_region_memory                  0x08000505   Thumb Code     2  heapauxi.o(.text)
    __rt_heap_escrow$2region                 0x08000507   Thumb Code     2  heapauxi.o(.text)
    __rt_heap_expand$2region                 0x08000509   Thumb Code     2  heapauxi.o(.text)
    _printf_int_common                       0x0800050b   Thumb Code   178  _printf_intcommon.o(.text)
    _printf_char_common                      0x080005c7   Thumb Code    32  _printf_char_common.o(.text)
    _sputc                                   0x080005ed   Thumb Code    10  _sputc.o(.text)
    __user_setup_stackheap                   0x080005f7   Thumb Code    74  sys_stackheap_outer.o(.text)
    exit                                     0x08000641   Thumb Code    18  exit.o(.text)
    __user_libspace                          0x08000655   Thumb Code     8  libspace.o(.text)
    __user_perproc_libspace                  0x08000655   Thumb Code     0  libspace.o(.text)
    __user_perthread_libspace                0x08000655   Thumb Code     0  libspace.o(.text)
    _sys_exit                                0x0800065d   Thumb Code     8  sys_exit.o(.text)
    __I$use$semihosting                      0x08000669   Thumb Code     0  use_no_semi.o(.text)
    __use_no_semihosting_swi                 0x08000669   Thumb Code     2  use_no_semi.o(.text)
    __semihosting_library_function           0x0800066b   Thumb Code     0  indicate_semi.o(.text)
    ADC_Config                               0x0800066d   Thumb Code    44  adc_lm35.o(i.ADC_Config)
    ADC_Init                                 0x0800069d   Thumb Code    28  adc_lm35.o(i.ADC_Init)
    Delay_Sec                                0x080006bd   Thumb Code    44  systick.o(i.Delay_Sec)
    Delay_mSec                               0x080006ed   Thumb Code    38  systick.o(i.Delay_mSec)
    Delay_ms                                 0x08000713   Thumb Code    20  lcd.o(i.Delay_ms)
    GPIOA_INIT                               0x08000729   Thumb Code    76  uart6.o(i.GPIOA_INIT)
    GPIOB_init                               0x0800077d   Thumb Code    28  main.o(i.GPIOB_init)
    GPIOC_Config                             0x0800079d   Thumb Code    24  adc_lm35.o(i.GPIOC_Config)
    GPIOC_PUPDR_cofig                        0x080007b9   Thumb Code    24  time change.o(i.GPIOC_PUPDR_cofig)
    GPOIC_Init                               0x080007d5   Thumb Code    28  adc_lm35.o(i.GPOIC_Init)
    KM_Delay_ms                              0x080007f5   Thumb Code    68  systick.o(i.KM_Delay_ms)
    KM_I2C1_Config                           0x08000839   Thumb Code   132  i2c.o(i.KM_I2C1_Config)
    KM_I2C1_Init                             0x080008c5   Thumb Code   118  i2c.o(i.KM_I2C1_Init)
    KM_I2C_IsDeviceReady                     0x08000945   Thumb Code   260  i2c.o(i.KM_I2C_IsDeviceReady)
    KM_I2C_Mem_Read                          0x08000a4d   Thumb Code   404  i2c.o(i.KM_I2C_Mem_Read)
    KM_I2C_Mem_Write                         0x08000be5   Thumb Code   336  i2c.o(i.KM_I2C_Mem_Write)
    KM_LCD_Init                              0x08000d39   Thumb Code    90  lcd.o(i.KM_LCD_Init)
    KM_LCD_Write_Cmd                         0x08000da5   Thumb Code    30  lcd.o(i.KM_LCD_Write_Cmd)
    KM_LCD_Write_Data                        0x08000dc9   Thumb Code    30  lcd.o(i.KM_LCD_Write_Data)
    KM_LCD_Write_Lower_Str                   0x08000ded   Thumb Code    32  lcd.o(i.KM_LCD_Write_Lower_Str)
    KM_LCD_Write_Str                         0x08000e0d   Thumb Code    34  lcd.o(i.KM_LCD_Write_Str)
    KM_LCD_Write_Upper_Str                   0x08000e2f   Thumb Code    32  lcd.o(i.KM_LCD_Write_Upper_Str)
    STK_Init                                 0x08000e4f   Thumb Code    34  systick.o(i.STK_Init)
    SystemInit                               0x08000e71   Thumb Code    82  system_stm32f4xx.o(i.SystemInit)
    Task1_ReadRTC_WriteLCD_1Sec              0x08000ed5   Thumb Code    56  main.o(i.Task1_ReadRTC_WriteLCD_1Sec)
    Task2_ReadLM35_WriteLCD_10Sec            0x08000f39   Thumb Code    92  main.o(i.Task2_ReadLM35_WriteLCD_10Sec)
    Task4_write_eeprom                       0x08000fa9   Thumb Code    36  main.o(i.Task4_write_eeprom)
    Task5_SWMS_Config                        0x08000fd5   Thumb Code     8  main.o(i.Task5_SWMS_Config)
    Task_3_and_4_Wi_Fi_Tx                    0x08000fdd   Thumb Code   172  main.o(i.Task_3_and_4_Wi_Fi_Tx)
    Temperature                              0x08001129   Thumb Code    40  adc_lm35.o(i.Temperature)
    UART6_CONIF                              0x08001159   Thumb Code    72  uart6.o(i.UART6_CONIF)
    UART6_InChar                             0x080011a9   Thumb Code    42  uart6.o(i.UART6_InChar)
    UART6_OutChar                            0x080011d9   Thumb Code    22  uart6.o(i.UART6_OutChar)
    _is_digit                                0x080011f5   Thumb Code    14  __printf_wp.o(i._is_digit)
    check                                    0x08001205   Thumb Code   108  time change.o(i.check)
    check1                                   0x08001279   Thumb Code   306  time change.o(i.check1)
    main                                     0x080013b5   Thumb Code   296  main.o(i.main)
    outstring                                0x08001509   Thumb Code    24  uart6.o(i.outstring)
    print                                    0x08001521   Thumb Code    56  time change.o(i.print)
    red_cofig                                0x08001585   Thumb Code    24  main.o(i.red_cofig)
    timechange                               0x080015a1   Thumb Code   384  time change.o(i.timechange)
    wifi_init1                               0x0800175d   Thumb Code   612  main.o(i.wifi_init1)
    wifi_response                            0x08001acd   Thumb Code    68  main.o(i.wifi_response)
    write_high_nibble                        0x08001b15   Thumb Code    56  lcd.o(i.write_high_nibble)
    write_low_nibble                         0x08001b51   Thumb Code    60  lcd.o(i.write_low_nibble)
    _fp_init                                 0x08001b91   Thumb Code    10  fpinit.o(x$fpl$fpinit)
    __fplib_config_fpu_vfp                   0x08001b99   Thumb Code     0  fpinit.o(x$fpl$fpinit)
    __fplib_config_pureend_doubles           0x08001b99   Thumb Code     0  fpinit.o(x$fpl$fpinit)
    Region$$Table$$Base                      0x08001bd4   Number         0  anon$$obj.o(Region$$Table)
    Region$$Table$$Limit                     0x08001bf4   Number         0  anon$$obj.o(Region$$Table)
    val                                      0x20000000   Data           4  main.o(.data)
    a                                        0x20000004   Data           4  main.o(.data)
    b                                        0x20000008   Data           4  main.o(.data)
    IM35_FLAG                                0x2000000c   Data           4  main.o(.data)
    retu                                     0x20000010   Data           4  main.o(.data)
    str                                      0x20000014   Data           7  main.o(.data)
    LM35_Data                                0x2000001b   Data           4  main.o(.data)
    res                                      0x20000020   Data           4  main.o(.data)
    wifi                                     0x20000024   Data           4  main.o(.data)
    LM_35                                    0x20000028   Data           4  adc_lm35.o(.data)
    TC                                       0x2000002c   Data           7  time change.o(.data)
    x                                        0x20000034   Data           4  time change.o(.data)
    q                                        0x20000038   Data           4  time change.o(.data)
    z                                        0x2000003c   Data           4  time change.o(.data)
    retn                                     0x20000040   Data           4  time change.o(.data)
    t                                        0x20000044   Data          10  main.o(.bss)
    lcd_ds                                   0x2000004e   Data          10  main.o(.bss)
    lcd_dt                                   0x20000058   Data          10  main.o(.bss)
    fetch2                                   0x20000062   Data          10  main.o(.bss)
    fetch3                                   0x2000006c   Data          10  main.o(.bss)
    buff                                     0x20000076   Data         200  main.o(.bss)
    eprom_buff                               0x2000013e   Data          10  main.o(.bss)
    lcd_ds1                                  0x20000148   Data          10  time change.o(.bss)
    lcd_dt1                                  0x20000152   Data          10  time change.o(.bss)
    __libspace_start                         0x2000015c   Data          96  libspace.o(.bss)
    __temporary_stack_top$libspace           0x200001bc   Data           0  libspace.o(.bss)



==============================================================================

Memory Map of the image

  Image Entry point : 0x08000245

  Load Region LR_1 (Base: 0x08000000, Size: 0x00001c38, Max: 0xffffffff, ABSOLUTE)

    Execution Region ER_RO (Base: 0x08000000, Size: 0x00001bf4, Max: 0xffffffff, ABSOLUTE)

    Base Addr    Size         Type   Attr      Idx    E Section Name        Object

    0x08000000   0x00000194   Data   RO           80    RESET               startup_stm32f401xc.o
    0x08000194   0x00000008   Code   RO          459  * !!!main             c_w.l(__main.o)
    0x0800019c   0x00000034   Code   RO          625    !!!scatter          c_w.l(__scatter.o)
    0x080001d0   0x0000001a   Code   RO          627    !!handler_copy      c_w.l(__scatter_copy.o)
    0x080001ea   0x00000002   PAD
    0x080001ec   0x0000001c   Code   RO          629    !!handler_zi        c_w.l(__scatter_zi.o)
    0x08000208   0x00000000   Code   RO          456    .ARM.Collect$$_printf_percent$$00000000  c_w.l(_printf_percent.o)
    0x08000208   0x00000006   Code   RO          455    .ARM.Collect$$_printf_percent$$00000009  c_w.l(_printf_d.o)
    0x0800020e   0x00000006   Code   RO          454    .ARM.Collect$$_printf_percent$$0000000C  c_w.l(_printf_x.o)
    0x08000214   0x00000004   Code   RO          468    .ARM.Collect$$_printf_percent$$00000017  c_w.l(_printf_percent_end.o)
    0x08000218   0x00000002   Code   RO          495    .ARM.Collect$$libinit$$00000000  c_w.l(libinit.o)
    0x0800021a   0x00000004   Code   RO          501    .ARM.Collect$$libinit$$00000001  c_w.l(libinit2.o)
    0x0800021e   0x00000000   Code   RO          504    .ARM.Collect$$libinit$$00000004  c_w.l(libinit2.o)
    0x0800021e   0x00000000   Code   RO          507    .ARM.Collect$$libinit$$0000000A  c_w.l(libinit2.o)
    0x0800021e   0x00000000   Code   RO          509    .ARM.Collect$$libinit$$0000000C  c_w.l(libinit2.o)
    0x0800021e   0x00000000   Code   RO          511    .ARM.Collect$$libinit$$0000000E  c_w.l(libinit2.o)
    0x0800021e   0x00000000   Code   RO          514    .ARM.Collect$$libinit$$00000011  c_w.l(libinit2.o)
    0x0800021e   0x00000000   Code   RO          516    .ARM.Collect$$libinit$$00000013  c_w.l(libinit2.o)
    0x0800021e   0x00000000   Code   RO          518    .ARM.Collect$$libinit$$00000015  c_w.l(libinit2.o)
    0x0800021e   0x00000000   Code   RO          520    .ARM.Collect$$libinit$$00000017  c_w.l(libinit2.o)
    0x0800021e   0x00000000   Code   RO          522    .ARM.Collect$$libinit$$00000019  c_w.l(libinit2.o)
    0x0800021e   0x00000000   Code   RO          524    .ARM.Collect$$libinit$$0000001B  c_w.l(libinit2.o)
    0x0800021e   0x00000000   Code   RO          526    .ARM.Collect$$libinit$$0000001D  c_w.l(libinit2.o)
    0x0800021e   0x00000000   Code   RO          528    .ARM.Collect$$libinit$$0000001F  c_w.l(libinit2.o)
    0x0800021e   0x00000000   Code   RO          530    .ARM.Collect$$libinit$$00000021  c_w.l(libinit2.o)
    0x0800021e   0x00000000   Code   RO          532    .ARM.Collect$$libinit$$00000023  c_w.l(libinit2.o)
    0x0800021e   0x00000000   Code   RO          534    .ARM.Collect$$libinit$$00000025  c_w.l(libinit2.o)
    0x0800021e   0x00000000   Code   RO          538    .ARM.Collect$$libinit$$0000002C  c_w.l(libinit2.o)
    0x0800021e   0x00000000   Code   RO          540    .ARM.Collect$$libinit$$0000002E  c_w.l(libinit2.o)
    0x0800021e   0x00000000   Code   RO          542    .ARM.Collect$$libinit$$00000030  c_w.l(libinit2.o)
    0x0800021e   0x00000000   Code   RO          544    .ARM.Collect$$libinit$$00000032  c_w.l(libinit2.o)
    0x0800021e   0x00000002   Code   RO          545    .ARM.Collect$$libinit$$00000033  c_w.l(libinit2.o)
    0x08000220   0x00000002   Code   RO          565    .ARM.Collect$$libshutdown$$00000000  c_w.l(libshutdown.o)
    0x08000222   0x00000000   Code   RO          578    .ARM.Collect$$libshutdown$$00000002  c_w.l(libshutdown2.o)
    0x08000222   0x00000000   Code   RO          580    .ARM.Collect$$libshutdown$$00000004  c_w.l(libshutdown2.o)
    0x08000222   0x00000000   Code   RO          583    .ARM.Collect$$libshutdown$$00000007  c_w.l(libshutdown2.o)
    0x08000222   0x00000000   Code   RO          586    .ARM.Collect$$libshutdown$$0000000A  c_w.l(libshutdown2.o)
    0x08000222   0x00000000   Code   RO          588    .ARM.Collect$$libshutdown$$0000000C  c_w.l(libshutdown2.o)
    0x08000222   0x00000000   Code   RO          591    .ARM.Collect$$libshutdown$$0000000F  c_w.l(libshutdown2.o)
    0x08000222   0x00000002   Code   RO          592    .ARM.Collect$$libshutdown$$00000010  c_w.l(libshutdown2.o)
    0x08000224   0x00000000   Code   RO          461    .ARM.Collect$$rtentry$$00000000  c_w.l(__rtentry.o)
    0x08000224   0x00000000   Code   RO          470    .ARM.Collect$$rtentry$$00000002  c_w.l(__rtentry2.o)
    0x08000224   0x00000006   Code   RO          482    .ARM.Collect$$rtentry$$00000004  c_w.l(__rtentry4.o)
    0x0800022a   0x00000000   Code   RO          472    .ARM.Collect$$rtentry$$00000009  c_w.l(__rtentry2.o)
    0x0800022a   0x00000004   Code   RO          473    .ARM.Collect$$rtentry$$0000000A  c_w.l(__rtentry2.o)
    0x0800022e   0x00000000   Code   RO          475    .ARM.Collect$$rtentry$$0000000C  c_w.l(__rtentry2.o)
    0x0800022e   0x00000008   Code   RO          476    .ARM.Collect$$rtentry$$0000000D  c_w.l(__rtentry2.o)
    0x08000236   0x00000002   Code   RO          499    .ARM.Collect$$rtexit$$00000000  c_w.l(rtexit.o)
    0x08000238   0x00000000   Code   RO          547    .ARM.Collect$$rtexit$$00000002  c_w.l(rtexit2.o)
    0x08000238   0x00000004   Code   RO          548    .ARM.Collect$$rtexit$$00000003  c_w.l(rtexit2.o)
    0x0800023c   0x00000006   Code   RO          549    .ARM.Collect$$rtexit$$00000004  c_w.l(rtexit2.o)
    0x08000242   0x00000002   PAD
    0x08000244   0x00000040   Code   RO           81  * .text               startup_stm32f401xc.o
    0x08000284   0x00000028   Code   RO          405    .text               c_w.l(noretval__2sprintf.o)
    0x080002ac   0x0000004e   Code   RO          409    .text               c_w.l(_printf_pad.o)
    0x080002fa   0x00000002   PAD
    0x080002fc   0x00000078   Code   RO          411    .text               c_w.l(_printf_dec.o)
    0x08000374   0x00000058   Code   RO          416    .text               c_w.l(_printf_hex_int.o)
    0x080003cc   0x00000138   Code   RO          446    .text               c_w.l(__printf_flags_wp.o)
    0x08000504   0x00000006   Code   RO          457    .text               c_w.l(heapauxi.o)
    0x0800050a   0x000000b2   Code   RO          462    .text               c_w.l(_printf_intcommon.o)
    0x080005bc   0x00000030   Code   RO          464    .text               c_w.l(_printf_char_common.o)
    0x080005ec   0x0000000a   Code   RO          466    .text               c_w.l(_sputc.o)
    0x080005f6   0x0000004a   Code   RO          486    .text               c_w.l(sys_stackheap_outer.o)
    0x08000640   0x00000012   Code   RO          488    .text               c_w.l(exit.o)
    0x08000652   0x00000002   PAD
    0x08000654   0x00000008   Code   RO          496    .text               c_w.l(libspace.o)
    0x0800065c   0x0000000c   Code   RO          557    .text               c_w.l(sys_exit.o)
    0x08000668   0x00000002   Code   RO          568    .text               c_w.l(use_no_semi.o)
    0x0800066a   0x00000000   Code   RO          570    .text               c_w.l(indicate_semi.o)
    0x0800066a   0x00000002   PAD
    0x0800066c   0x00000030   Code   RO          148    i.ADC_Config        ADC_LM35.lib(adc_lm35.o)
    0x0800069c   0x00000020   Code   RO          149    i.ADC_Init          ADC_LM35.lib(adc_lm35.o)
    0x080006bc   0x00000030   Code   RO          226    i.Delay_Sec         SYSTICK LIBRARY.lib(systick.o)
    0x080006ec   0x00000026   Code   RO          227    i.Delay_mSec        SYSTICK LIBRARY.lib(systick.o)
    0x08000712   0x00000014   Code   RO          262    i.Delay_ms          LCD.lib(lcd.o)
    0x08000726   0x00000002   PAD
    0x08000728   0x00000054   Code   RO          362    i.GPIOA_INIT        UART6.lib(uart6.o)
    0x0800077c   0x00000020   Code   RO            1    i.GPIOB_init        main.o
    0x0800079c   0x0000001c   Code   RO          150    i.GPIOC_Config      ADC_LM35.lib(adc_lm35.o)
    0x080007b8   0x0000001c   Code   RO          322    i.GPIOC_PUPDR_cofig  time change.lib(time change.o)
    0x080007d4   0x00000020   Code   RO          151    i.GPOIC_Init        ADC_LM35.lib(adc_lm35.o)
    0x080007f4   0x00000044   Code   RO          229    i.KM_Delay_ms       SYSTICK LIBRARY.lib(systick.o)
    0x08000838   0x0000008c   Code   RO          187    i.KM_I2C1_Config    RaayanMini_KM_HAL_I2C_Libraries.lib(i2c.o)
    0x080008c4   0x00000080   Code   RO          188    i.KM_I2C1_Init      RaayanMini_KM_HAL_I2C_Libraries.lib(i2c.o)
    0x08000944   0x00000108   Code   RO          189    i.KM_I2C_IsDeviceReady  RaayanMini_KM_HAL_I2C_Libraries.lib(i2c.o)
    0x08000a4c   0x00000198   Code   RO          190    i.KM_I2C_Mem_Read   RaayanMini_KM_HAL_I2C_Libraries.lib(i2c.o)
    0x08000be4   0x00000154   Code   RO          191    i.KM_I2C_Mem_Write  RaayanMini_KM_HAL_I2C_Libraries.lib(i2c.o)
    0x08000d38   0x0000006c   Code   RO          263    i.KM_LCD_Init       LCD.lib(lcd.o)
    0x08000da4   0x00000024   Code   RO          264    i.KM_LCD_Write_Cmd  LCD.lib(lcd.o)
    0x08000dc8   0x00000024   Code   RO          265    i.KM_LCD_Write_Data  LCD.lib(lcd.o)
    0x08000dec   0x00000020   Code   RO          266    i.KM_LCD_Write_Lower_Str  LCD.lib(lcd.o)
    0x08000e0c   0x00000022   Code   RO          267    i.KM_LCD_Write_Str  LCD.lib(lcd.o)
    0x08000e2e   0x00000020   Code   RO          268    i.KM_LCD_Write_Upper_Str  LCD.lib(lcd.o)
    0x08000e4e   0x00000022   Code   RO          230    i.STK_Init          SYSTICK LIBRARY.lib(systick.o)
    0x08000e70   0x00000064   Code   RO           90    i.SystemInit        system_stm32f4xx.o
    0x08000ed4   0x00000064   Code   RO            2    i.Task1_ReadRTC_WriteLCD_1Sec  main.o
    0x08000f38   0x00000070   Code   RO            3    i.Task2_ReadLM35_WriteLCD_10Sec  main.o
    0x08000fa8   0x0000002c   Code   RO            4    i.Task4_write_eeprom  main.o
    0x08000fd4   0x00000008   Code   RO            5    i.Task5_SWMS_Config  main.o
    0x08000fdc   0x0000014c   Code   RO            6    i.Task_3_and_4_Wi_Fi_Tx  main.o
    0x08001128   0x00000030   Code   RO          152    i.Temperature       ADC_LM35.lib(adc_lm35.o)
    0x08001158   0x00000050   Code   RO          363    i.UART6_CONIF       UART6.lib(uart6.o)
    0x080011a8   0x00000030   Code   RO          364    i.UART6_InChar      UART6.lib(uart6.o)
    0x080011d8   0x0000001c   Code   RO          365    i.UART6_OutChar     UART6.lib(uart6.o)
    0x080011f4   0x0000000e   Code   RO          444    i._is_digit         c_w.l(__printf_wp.o)
    0x08001202   0x00000002   PAD
    0x08001204   0x00000074   Code   RO          323    i.check             time change.lib(time change.o)
    0x08001278   0x0000013c   Code   RO          324    i.check1            time change.lib(time change.o)
    0x080013b4   0x00000154   Code   RO            7    i.main              main.o
    0x08001508   0x00000018   Code   RO          366    i.outstring         UART6.lib(uart6.o)
    0x08001520   0x00000064   Code   RO          325    i.print             time change.lib(time change.o)
    0x08001584   0x0000001c   Code   RO            8    i.red_cofig         main.o
    0x080015a0   0x000001bc   Code   RO          326    i.timechange        time change.lib(time change.o)
    0x0800175c   0x00000370   Code   RO            9    i.wifi_init1        main.o
    0x08001acc   0x00000048   Code   RO           10    i.wifi_response     main.o
    0x08001b14   0x0000003c   Code   RO          269    i.write_high_nibble  LCD.lib(lcd.o)
    0x08001b50   0x00000040   Code   RO          270    i.write_low_nibble  LCD.lib(lcd.o)
    0x08001b90   0x0000000a   Code   RO          555    x$fpl$fpinit        fz_wm.l(fpinit.o)
    0x08001b9a   0x00000028   Data   RO          417    .constdata          c_w.l(_printf_hex_int.o)
    0x08001bc2   0x00000011   Data   RO          447    .constdata          c_w.l(__printf_flags_wp.o)
    0x08001bd3   0x00000001   PAD
    0x08001bd4   0x00000020   Data   RO          623    Region$$Table       anon$$obj.o


    Execution Region ER_RW (Base: 0x20000000, Size: 0x00000044, Max: 0xffffffff, ABSOLUTE)

    Base Addr    Size         Type   Attr      Idx    E Section Name        Object

    0x20000000   0x00000028   Data   RW           12    .data               main.o
    0x20000028   0x00000004   Data   RW          153    .data               ADC_LM35.lib(adc_lm35.o)
    0x2000002c   0x00000018   Data   RW          328    .data               time change.lib(time change.o)


    Execution Region ER_ZI (Base: 0x20000044, Size: 0x0000077c, Max: 0xffffffff, ABSOLUTE)

    Base Addr    Size         Type   Attr      Idx    E Section Name        Object

    0x20000044   0x00000104   Zero   RW           11    .bss                main.o
    0x20000148   0x00000014   Zero   RW          327    .bss                time change.lib(time change.o)
    0x2000015c   0x00000060   Zero   RW          497    .bss                c_w.l(libspace.o)
    0x200001bc   0x00000004   PAD
    0x200001c0   0x00000200   Zero   RW           79    HEAP                startup_stm32f401xc.o
    0x200003c0   0x00000400   Zero   RW           78    STACK               startup_stm32f401xc.o


==============================================================================

Image component sizes


      Code (inc. data)   RO Data    RW Data    ZI Data      Debug   Object Name

      1948        556          0         40        260       8602   main.o
        64         26        404          0       1536        936   startup_stm32f401xc.o
       100         18          0          0          0        565   system_stm32f4xx.o

    ----------------------------------------------------------------------
      2112        600        436         40       1796      10103   Object Totals
         0          0         32          0          0          0   (incl. Generated)
         0          0          0          0          0          0   (incl. Padding)

    ----------------------------------------------------------------------

      Code (inc. data)   RO Data    RW Data    ZI Data      Debug   Library Member Name

       188         24          0          4          0       2454   adc_lm35.o
       422         38          0          0          0       4844   lcd.o
      1280         30          0          0          0       3776   i2c.o
       188          4          0          0          0       1950   systick.o
       264         28          0          0          0       2522   uart6.o
         8          0          0          0          0         68   __main.o
       312          4         17          0          0         92   __printf_flags_wp.o
        14          0          0          0          0         68   __printf_wp.o
         0          0          0          0          0          0   __rtentry.o
        12          0          0          0          0          0   __rtentry2.o
         6          0          0          0          0          0   __rtentry4.o
        52          8          0          0          0          0   __scatter.o
        26          0          0          0          0          0   __scatter_copy.o
        28          0          0          0          0          0   __scatter_zi.o
        48          6          0          0          0         96   _printf_char_common.o
         6          0          0          0          0          0   _printf_d.o
       120         16          0          0          0         92   _printf_dec.o
        88          4         40          0          0         88   _printf_hex_int.o
       178          0          0          0          0         88   _printf_intcommon.o
        78          0          0          0          0        108   _printf_pad.o
         0          0          0          0          0          0   _printf_percent.o
         4          0          0          0          0          0   _printf_percent_end.o
         6          0          0          0          0          0   _printf_x.o
        10          0          0          0          0         68   _sputc.o
        18          0          0          0          0         80   exit.o
         6          0          0          0          0        152   heapauxi.o
         0          0          0          0          0          0   indicate_semi.o
         2          0          0          0          0          0   libinit.o
         6          0          0          0          0          0   libinit2.o
         2          0          0          0          0          0   libshutdown.o
         2          0          0          0          0          0   libshutdown2.o
         8          4          0          0         96         68   libspace.o
        40          6          0          0          0         84   noretval__2sprintf.o
         2          0          0          0          0          0   rtexit.o
        10          0          0          0          0          0   rtexit2.o
        12          4          0          0          0         68   sys_exit.o
        74          0          0          0          0         80   sys_stackheap_outer.o
         2          0          0          0          0         68   use_no_semi.o
        10          0          0          0          0        116   fpinit.o
      1004        126          0         24         20       3254   time change.o

    ----------------------------------------------------------------------
      4550        302         58         28        120      20284   Library Totals
        14          0          1          0          4          0   (incl. Padding)

    ----------------------------------------------------------------------

      Code (inc. data)   RO Data    RW Data    ZI Data      Debug   Library Name

       188         24          0          4          0       2454   ADC_LM35.lib
       422         38          0          0          0       4844   LCD.lib
      1280         30          0          0          0       3776   RaayanMini_KM_HAL_I2C_Libraries.lib
       188          4          0          0          0       1950   SYSTICK LIBRARY.lib
       264         28          0          0          0       2522   UART6.lib
      1180         52         57          0         96       1368   c_w.l
        10          0          0          0          0        116   fz_wm.l
      1004        126          0         24         20       3254   time change.lib

    ----------------------------------------------------------------------
      4550        302         58         28        120      20284   Library Totals

    ----------------------------------------------------------------------

==============================================================================


      Code (inc. data)   RO Data    RW Data    ZI Data      Debug   

      6662        902        494         68       1916      25763   Grand Totals
      6662        902        494         68       1916      25763   ELF Image Totals
      6662        902        494         68          0          0   ROM Totals

==============================================================================

    Total RO  Size (Code + RO Data)                 7156 (   6.99kB)
    Total RW  Size (RW Data + ZI Data)              1984 (   1.94kB)
    Total ROM Size (Code + RO Data + RW Data)       7224 (   7.05kB)

==============================================================================

