<html>
<body>
<pre>
<h1>µVision Build Log</h1>
<h2>Tool Versions:</h2>
IDE-Version: µVision V5.17.0.0
Copyright (C) 2015 ARM Ltd and ARM Germany GmbH. All rights reserved.
License Information: shashidhar golla, shashi, LIC=----
 
Tool Versions:
Toolchain:       MDK-Lite  Version: 5.17
Toolchain Path:  C:\Keil_v5\ARM\ARMCC\Bin
C Compiler:      Armcc.exe V5.06 update 1 (build 61)
Assembler:       Armasm.exe V5.06 update 1 (build 61)
Linker/Locator:  ArmLink.exe V5.06 update 1 (build 61)
Library Manager: ArmAr.exe V5.06 update 1 (build 61)
Hex Converter:   FromElf.exe V5.06 update 1 (build 61)
CPU DLL:         SARMCM3.DLL V5.17
Dialog DLL:      DCM.DLL V1.13.4.0
Target DLL:      STLink\ST-LINKIII-KEIL_SWO.dll V2.0.18.0
Dialog DLL:      TCM.DLL V1.14.6.0
 
<h2>Project:</h2>
C:\Users\arun virat\Desktop\v.1.1 aa\2. Smart Weather Monitoring System Project V1.1\SWMSV1.1.uvprojx
Project File Date:  01/09/2024

<h2>Output:</h2>
*** Using Compiler 'V5.06 update 1 (build 61)', folder: 'C:\Keil_v5\ARM\ARMCC\Bin'
Rebuild target 'Target 1'
assembling startup_stm32f401xc.s...
compiling MAIN.c...
UART6.h(2): warning:  #1295-D: Deprecated declaration GPIOA_INIT - give arg types
  void GPIOA_INIT();
UART6.h(3): warning:  #1295-D: Deprecated declaration UART6_CONIF - give arg types
  void UART6_CONIF();
UART6.h(6): warning:  #1-D: last line of file ends without a newline
  unsigned char UART6_InChar(void);					//Receive character function declaration
ADC.h(5): warning:  #1-D: last line of file ends without a newline
  void GPOIC_Init(void);
systick.h(5): warning:  #1-D: last line of file ends without a newline
  void KM_Delay_ms(int n);
I2C.h(54): warning:  #1-D: last line of file ends without a newline
  int KM_I2C_Mem_Read(short int DevAddress, short int MemAddress,short int MemAddSize, unsigned char *Data, short int Size);
MAIN.c: 6 warnings, 0 errors
compiling system_stm32f4xx.c...
linking...
Program Size: Code=6662 RO-data=494 RW-data=68 ZI-data=1916  
".\Objects\SWMSV1.1" - 0 Error(s), 6 Warning(s).

<h2>Software Packages used:</h2>

Package Vendor: ARM
                http://www.keil.com/pack/ARM.CMSIS.4.5.0.pack
                ARM::CMSIS:CORE:4.3.0
                CMSIS (Cortex Microcontroller Software Interface Standard)
   * Component: CORE Version: 4.3.0

Package Vendor: Keil
                https://www.keil.com/pack/Keil.STM32F4xx_DFP.2.17.1.pack
                Keil::Device:Startup:2.6.3
                STMicroelectronics STM32F4 Series Device Support, Drivers and Examples
   * Component: Startup Version: 2.6.3

<h2>Collection of Component include folders:</h2>
  C:\Users\arun virat\Desktop\v.1.1 aa\2. Smart Weather Monitoring System Project V1.1\RTE
  C:\Keil_v5\ARM\PACK\ARM\CMSIS\4.5.0\CMSIS\Include
  C:\Keil_v5\ARM\PACK\Keil\STM32F4xx_DFP\2.17.1\Drivers\CMSIS\Device\ST\STM32F4xx\Include

<h2>Collection of Component Files used:</h2>

   * Component: ARM::CMSIS:CORE:4.3.0

   * Component: Keil::Device:Startup:2.6.3
      Source file:   MDK\Device\Source\ARM\STM32F401xx_OPT.s
      Source file:   MDK\Device\Source\ARM\STM32F4xx_OTP.s
      Include file:  Drivers\CMSIS\Device\ST\STM32F4xx\Include\stm32f4xx.h
      Source file:   Drivers\CMSIS\Device\ST\STM32F4xx\Source\Templates\arm\startup_stm32f401xc.s
      Source file:   Drivers\CMSIS\Device\ST\STM32F4xx\Source\Templates\system_stm32f4xx.c
Build Time Elapsed:  00:00:13
</pre>
</body>
</html>
